PASS connected
PASS start: English (the device default here) — ['Fix steer queue drop on reconnect', '/home/user/src/octos', 'Chat', 'Trajectory', 'Copy as Markdown', 'Review', 'Settings', 'Session recovery required', 'The conversation history could not be loaded: session/hydrate returned an invalid result: missing field `session_id`. Reopen it from the sidebar to try again.', 'Model not reported', 'Ready', 'Permissions not reported']
CLICK settings_open_hit r=[935, 87, 92, 30] at (981,102)
PASS Settings opens (CLICK)
CLICK nv_hit r=[161, 417, 164, 40] at (243,437)
PASS Preferences shows (CLICK)
PASS Language: the control shows English | 简体中文, English selected — en=[755, 215, 84, 28] zh=[839, 215, 84, 28] on='English'
PASS Language: both segments are >= 28 px targets — en=[755, 215, 84, 28] zh=[839, 215, 84, 28]
SHOT en-settings-preferences
    log: [I] apps/octoscode/module/src/design.rs:163:9 - [octoscode] design root: <PATH>
    log: [I] apps/octoscode/module/src/design.rs:404:9 - [octoscode] font faces resolve under <PATH>
    log: [I] apps/octoscode/module/src/lib.rs:1344:9 - [octoscode] a24 language at launch: en
    log: [I] apps/octoscode/module/src/screens/discovery.rs:273:17 - [octoscode] discovery: no probe (a credential is at hand)
    log: [I] apps/octoscode/module/src/lib.rs:3290:17 - [octoscode] composer remounted
    log: [I] apps/octoscode/module/src/screens/surfaces/host.rs:221:17 - [octoscode] view: session dsflash:main restored (following)
    log: [I] apps/octoscode/module/src/lib.rs:3719:25 - [octoscode] composer extras: 0 queued, steer=false, recovery=None, peer=None
    log: [I] apps/octoscode/module/src/lib.rs:1588:13 - [octoscode] startup: Explicit("dsflash:main")
    log: [I] apps/octoscode/module/src/flow.rs:1022:9 - [octoscode] history of dsflash:main could not be read: session/hydrate returned an invalid result: missing field `session_id`
    log: [I] apps/octoscode/module/src/lib.rs:4104:43 - [octoscode] board3 PermissionLoad failed: permission/profile/list returned another session
    log: [I] apps/octoscode/module/src/lib.rs:4104:43 - [octoscode] board3 StatusRead failed: status belongs to another Session
    log: [I] apps/octoscode/module/src/lib.rs:3388:38 - [octoscode] chrome: 3 profile reads folded
    log: [I] apps/octoscode/module/src/lib.rs:4170:13 - [octoscode] chrome: OpenSettings
    log: [I] apps/octoscode/module/src/lib.rs:1809:13 - [octoscode] settings action: settings.panel.open
    log: [I] apps/octoscode/module/src/lib.rs:4170:13 - [octoscode] chrome: Action("settings.section.preferences", 0)
    log: [I] apps/octoscode/module/src/lib.rs:1809:13 - [octoscode] settings action: settings.section.preferences
CLICK lang_zh r=[839, 215, 84, 28]
    log: [I] apps/octoscode/module/src/lib.rs:4170:13 - [octoscode] chrome: Action("a9.prefs.lang.zh", 0)
    log: [I] apps/octoscode/module/src/a9_host.rs:188:21 - [octoscode] a24 language -> zh (switched)
    log: [I] apps/octoscode/module/src/chrome.rs:2144:13 - [octoscode] a24 shell copy: 47 text(s) set (zh; 87 source(s))
PASS switch: 简体中文 CLICK
PASS switch: the Settings sheet reads Chinese — ['聊天', '轨迹', '审查更改', '设置', '需要恢复会话', '模型未报告', '就绪', '权限未报告', '模型、权限、沙箱', '新建会话']
PASS switch: 简体中文 reads selected — '简体中文'
PASS switch: the status line says the change is unsaved — Unsaved preferences.
PASS Settings > Preferences: no clipped or overflowing Chinese label (zh-settings-preferences) — cjk=11 outside=0 overflow=0 truncated=0 overlaps=0 controls=12 under28=0
SHOT zh-settings-preferences
CLICK nv_hit r=[161, 197, 164, 40] at (243,217)
PASS Settings > General: no clipped or overflowing Chinese label (zh-settings-general) — cjk=13 outside=0 overflow=0 truncated=0 overlaps=0 controls=11 under28=0
SHOT zh-settings-general
CLICK nv_hit r=[161, 241, 164, 40] at (243,261)
PASS Settings > Permissions: no clipped or overflowing Chinese label (zh-settings-permissions) — cjk=9 outside=0 overflow=0 truncated=0 overlaps=0 controls=12 under28=0
SHOT zh-settings-permissions
CLICK nv_hit r=[161, 285, 164, 40] at (243,305)
PASS Settings > Model: no clipped or overflowing Chinese label (zh-settings-model) — cjk=10 outside=0 overflow=0 truncated=0 overlaps=0 controls=14 under28=0
SHOT zh-settings-model
CLICK nv_hit r=[161, 329, 164, 40] at (243,349)
PASS Settings > Sandbox: no clipped or overflowing Chinese label (zh-settings-sandbox) — cjk=10 outside=0 overflow=0 truncated=0 overlaps=0 controls=11 under28=0
SHOT zh-settings-sandbox
CLICK nv_hit r=[161, 373, 164, 40] at (243,393)
PASS Settings > Connection: no clipped or overflowing Chinese label (zh-settings-connection) — cjk=11 outside=0 overflow=0 truncated=0 overlaps=0 controls=11 under28=0
SHOT zh-settings-connection
CLICK nv_hit r=[161, 461, 164, 40] at (243,481)
PASS Settings > About: no clipped or overflowing Chinese label (zh-settings-about) — cjk=7 outside=0 overflow=0 truncated=0 overlaps=0 controls=8 under28=0
SHOT zh-settings-about
CLICK settings_close r=[905, 154, 32, 32] at (921,170)
PASS shell: the header reads Chinese — ['聊天', '轨迹', '审查更改', '设置', '需要恢复会话', '模型未报告', '就绪', '权限未报告', '模型、权限、沙箱', '新建会话', '搜索会话', '工作区']
PASS shell: the status strip reads Chinese — '模型、权限、沙箱' '就绪'
PASS shell: the sidebar reads Chinese — ['聊天', '轨迹', '审查更改', '设置', '需要恢复会话', '模型未报告', '就绪', '权限未报告', '模型、权限、沙箱', '新建会话', '搜索会话', '工作区']
PASS shell (sidebar, header, composer, strip): no clipped or overflowing Chinese label (zh-shell) — cjk=15 outside=0 overflow=0 truncated=0 overlaps=0 controls=25 under28=0
SHOT zh-shell
CLICK approval_pill_hit r=[407, 622, 125, 30] at (470,637)
PASS seats: the permission menu reads Chinese — '权限'
PASS composer permission menu: no clipped or overflowing Chinese label (zh-permission-menu) — cjk=2 outside=0 overflow=0 truncated=0 overlaps=0 controls=1 under28=0
SHOT zh-permission-menu
CLICK hd_title r=[347, 87, 217, 16] at (456,95)
PASS seats: an outside press closes the menu
TYPE '/'
PASS slash menu: the descriptions read Chinese — ['显示运行时模型和配置档案模型设置', '检查和管理会话监视器', 'Change permissions', '检查上下文、缓存和压缩控制']
PASS slash menu: no clipped or overflowing Chinese label (zh-slash-menu) — cjk=5 outside=0 overflow=0 truncated=0 overlaps=0 controls=6 under28=0
SHOT zh-slash-menu
KEY Escape
CLICK settings_open_hit r=[960, 87, 68, 30] at (994,102)
CLICK nv_hit r=[161, 373, 164, 40] at (243,393)
    log: [I] apps/octoscode/module/src/lib.rs:4170:13 - [octoscode] chrome: Action("settings.section.general", 0)
    log: [I] apps/octoscode/module/src/lib.rs:1809:13 - [octoscode] settings action: settings.section.general
    log: [I] apps/octoscode/module/src/lib.rs:4170:13 - [octoscode] chrome: Action("settings.section.permissions", 0)
    log: [I] apps/octoscode/module/src/lib.rs:1809:13 - [octoscode] settings action: settings.section.permissions
    log: [I] apps/octoscode/module/src/lib.rs:4170:13 - [octoscode] chrome: Action("settings.section.model", 0)
    log: [I] apps/octoscode/module/src/lib.rs:1809:13 - [octoscode] settings action: settings.section.model
    log: [I] apps/octoscode/module/src/lib.rs:4170:13 - [octoscode] chrome: Action("settings.section.sandbox", 0)
    log: [I] apps/octoscode/module/src/lib.rs:1809:13 - [octoscode] settings action: settings.section.sandbox
    log: [I] apps/octoscode/module/src/lib.rs:4170:13 - [octoscode] chrome: Action("settings.section.connection", 0)
    log: [I] apps/octoscode/module/src/lib.rs:1809:13 - [octoscode] settings action: settings.section.connection
    log: [I] apps/octoscode/module/src/lib.rs:4170:13 - [octoscode] chrome: Action("settings.section.about", 0)
    log: [I] apps/octoscode/module/src/lib.rs:1809:13 - [octoscode] settings action: settings.section.about
    log: [I] apps/octoscode/module/src/lib.rs:4170:13 - [octoscode] chrome: CloseSettings
    log: [I] apps/octoscode/module/src/lib.rs:1809:13 - [octoscode] settings action: settings.panel.close
    log: [I] apps/octoscode/module/src/lib.rs:5539:21 - [octoscode] permission seat clicked
    log: [I] apps/octoscode/module/src/lib.rs:4104:43 - [octoscode] board3 PermissionLoad failed: permission/profile/list returned another session
    log: [I] apps/octoscode/module/src/lib.rs:3923:17 - [octoscode] board3 mounted Some(Permission): 2 tap(s), 0 input(s)
    log: [I] apps/octoscode/module/src/lib.rs:5353:25 - [octoscode] board3 tap: b3.close
    log: [I] apps/octoscode/module/src/lib.rs:1652:13 - [octoscode] board3 action b3.close #0 -> Done
    log: [I] apps/octoscode/module/src/lib.rs:6123:17 - [octoscode] nav tap: b3.close
    log: [I] apps/octoscode/module/src/lib.rs:5120:21 - [octoscode] nav route: b3.close
    log: [I] apps/octoscode/module/src/lib.rs:2954:9 - [octoscode] screen action: b3.close
    log: [I] apps/octoscode/module/src/lib.rs:5912:17 - [octoscode] key Backspace -> Ignore
    log: [I] apps/octoscode/module/src/lib.rs:5235:21 - [octoscode] draft synced: 0 chars
    log: [I] apps/octoscode/module/src/lib.rs:5912:17 - [octoscode] key Backspace -> Ignore
    log: [I] apps/octoscode/module/src/lib.rs:5235:21 - [octoscode] draft synced: 0 chars
    log: [I] apps/octoscode/module/src/lib.rs:5912:17 - [octoscode] key Backspace -> Ignore
    log: [I] apps/octoscode/module/src/lib.rs:5235:21 - [octoscode] draft synced: 0 chars
    log: [I] apps/octoscode/module/src/lib.rs:5912:17 - [octoscode] key Backspace -> Ignore
    log: [I] apps/octoscode/module/src/lib.rs:5235:21 - [octoscode] draft synced: 0 chars
    log: [I] apps/octoscode/module/src/lib.rs:5912:17 - [octoscode] key Backspace -> Ignore
    log: [I] apps/octoscode/module/src/lib.rs:5235:21 - [octoscode] draft synced: 0 chars
    log: [I] apps/octoscode/module/src/lib.rs:5912:17 - [octoscode] key Backspace -> Ignore
    log: [I] apps/octoscode/module/src/lib.rs:5235:21 - [octoscode] draft synced: 0 chars
    log: [I] apps/octoscode/module/src/lib.rs:5912:17 - [octoscode] key Backspace -> Ignore
    log: [I] apps/octoscode/module/src/lib.rs:5235:21 - [octoscode] draft synced: 0 chars
    log: [I] apps/octoscode/module/src/lib.rs:5912:17 - [octoscode] key Backspace -> Ignore
    log: [I] apps/octoscode/module/src/lib.rs:5235:21 - [octoscode] draft synced: 0 chars
    log: [I] apps/octoscode/module/src/lib.rs:5912:17 - [octoscode] key Backspace -> Ignore
    log: [I] apps/octoscode/module/src/lib.rs:5235:21 - [octoscode] draft synced: 0 chars
    log: [I] apps/octoscode/module/src/lib.rs:5912:17 - [octoscode] key Backspace -> Ignore
    log: [I] apps/octoscode/module/src/lib.rs:5235:21 - [octoscode] draft synced: 0 chars
    log: [I] apps/octoscode/module/src/lib.rs:5912:17 - [octoscode] key Backspace -> Ignore
    log: [I] apps/octoscode/module/src/lib.rs:5235:21 - [octoscode] draft synced: 0 chars
    log: [I] apps/octoscode/module/src/lib.rs:5912:17 - [octoscode] key Backspace -> Ignore
    log: [I] apps/octoscode/module/src/lib.rs:5235:21 - [octoscode] draft synced: 0 chars
    log: [I] apps/octoscode/module/src/lib.rs:5912:17 - [octoscode] key Backspace -> Ignore
    log: [I] apps/octoscode/module/src/lib.rs:5235:21 - [octoscode] draft synced: 0 chars
    log: [I] apps/octoscode/module/src/lib.rs:5912:17 - [octoscode] key Backspace -> Ignore
    log: [I] apps/octoscode/module/src/lib.rs:5235:21 - [octoscode] draft synced: 0 chars
    log: [I] apps/octoscode/module/src/lib.rs:5912:17 - [octoscode] key Backspace -> Ignore
    log: [I] apps/octoscode/module/src/lib.rs:5235:21 - [octoscode] draft synced: 0 chars
    log: [I] apps/octoscode/module/src/lib.rs:5912:17 - [octoscode] key Backspace -> Ignore
    log: [I] apps/octoscode/module/src/lib.rs:5235:21 - [octoscode] draft synced: 0 chars
    log: [I] apps/octoscode/module/src/lib.rs:5912:17 - [octoscode] key Backspace -> Ignore
    log: [I] apps/octoscode/module/src/lib.rs:5235:21 - [octoscode] draft synced: 0 chars
    log: [I] apps/octoscode/module/src/lib.rs:5912:17 - [octoscode] key Backspace -> Ignore
    log: [I] apps/octoscode/module/src/lib.rs:5235:21 - [octoscode] draft synced: 0 chars
    log: [I] apps/octoscode/module/src/lib.rs:5912:17 - [octoscode] key Backspace -> Ignore
    log: [I] apps/octoscode/module/src/lib.rs:5235:21 - [octoscode] draft synced: 0 chars
    log: [I] apps/octoscode/module/src/lib.rs:5912:17 - [octoscode] key Backspace -> Ignore
    log: [I] apps/octoscode/module/src/lib.rs:5235:21 - [octoscode] draft synced: 0 chars
    log: [I] apps/octoscode/module/src/lib.rs:5912:17 - [octoscode] key Backspace -> Ignore
    log: [I] apps/octoscode/module/src/lib.rs:5235:21 - [octoscode] draft synced: 0 chars
    log: [I] apps/octoscode/module/src/lib.rs:5912:17 - [octoscode] key Backspace -> Ignore
    log: [I] apps/octoscode/module/src/lib.rs:5235:21 - [octoscode] draft synced: 0 chars
    log: [I] apps/octoscode/module/src/lib.rs:5912:17 - [octoscode] key Backspace -> Ignore
    log: [I] apps/octoscode/module/src/lib.rs:5235:21 - [octoscode] draft synced: 0 chars
    log: [I] apps/octoscode/module/src/lib.rs:5912:17 - [octoscode] key Backspace -> Ignore
    log: [I] apps/octoscode/module/src/lib.rs:5235:21 - [octoscode] draft synced: 0 chars
    log: [I] apps/octoscode/module/src/lib.rs:5912:17 - [octoscode] key Backspace -> Ignore
    log: [I] apps/octoscode/module/src/lib.rs:5235:21 - [octoscode] draft synced: 0 chars
    log: [I] apps/octoscode/module/src/lib.rs:5912:17 - [octoscode] key Backspace -> Ignore
    log: [I] apps/octoscode/module/src/lib.rs:5235:21 - [octoscode] draft synced: 0 chars
    log: [I] apps/octoscode/module/src/lib.rs:5912:17 - [octoscode] key Backspace -> Ignore
    log: [I] apps/octoscode/module/src/lib.rs:5235:21 - [octoscode] draft synced: 0 chars
    log: [I] apps/octoscode/module/src/lib.rs:5912:17 - [octoscode] key Backspace -> Ignore
    log: [I] apps/octoscode/module/src/lib.rs:5235:21 - [octoscode] draft synced: 0 chars
    log: [I] apps/octoscode/module/src/lib.rs:5912:17 - [octoscode] key Backspace -> Ignore
    log: [I] apps/octoscode/module/src/lib.rs:5235:21 - [octoscode] draft synced: 0 chars
    log: [I] apps/octoscode/module/src/lib.rs:5912:17 - [octoscode] key Backspace -> Ignore
    log: [I] apps/octoscode/module/src/lib.rs:5235:21 - [octoscode] draft synced: 0 chars
    log: [I] apps/octoscode/module/src/lib.rs:5912:17 - [octoscode] key Backspace -> Ignore
    log: [I] apps/octoscode/module/src/lib.rs:5235:21 - [octoscode] draft synced: 0 chars
    log: [I] apps/octoscode/module/src/lib.rs:5912:17 - [octoscode] key Backspace -> Ignore
    log: [I] apps/octoscode/module/src/lib.rs:5235:21 - [octoscode] draft synced: 0 chars
    log: [I] apps/octoscode/module/src/lib.rs:5912:17 - [octoscode] key Backspace -> Ignore
    log: [I] apps/octoscode/module/src/lib.rs:5235:21 - [octoscode] draft synced: 0 chars
    log: [I] apps/octoscode/module/src/lib.rs:5912:17 - [octoscode] key Backspace -> Ignore
    log: [I] apps/octoscode/module/src/lib.rs:5235:21 - [octoscode] draft synced: 0 chars
    log: [I] apps/octoscode/module/src/lib.rs:5912:17 - [octoscode] key Backspace -> Ignore
    log: [I] apps/octoscode/module/src/lib.rs:5235:21 - [octoscode] draft synced: 0 chars
    log: [I] apps/octoscode/module/src/lib.rs:5912:17 - [octoscode] key Backspace -> Ignore
    log: [I] apps/octoscode/module/src/lib.rs:5235:21 - [octoscode] draft synced: 0 chars
    log: [I] apps/octoscode/module/src/lib.rs:5912:17 - [octoscode] key Backspace -> Ignore
    log: [I] apps/octoscode/module/src/lib.rs:5235:21 - [octoscode] draft synced: 0 chars
    log: [I] apps/octoscode/module/src/lib.rs:5912:17 - [octoscode] key Backspace -> Ignore
    log: [I] apps/octoscode/module/src/lib.rs:5235:21 - [octoscode] draft synced: 0 chars
    log: [I] apps/octoscode/module/src/lib.rs:5912:17 - [octoscode] key Backspace -> Ignore
    log: [I] apps/octoscode/module/src/lib.rs:5235:21 - [octoscode] draft synced: 0 chars
    log: [I] apps/octoscode/module/src/lib.rs:5912:17 - [octoscode] key Backspace -> Ignore
    log: [I] apps/octoscode/module/src/lib.rs:5235:21 - [octoscode] draft synced: 0 chars
    log: [I] apps/octoscode/module/src/lib.rs:5235:21 - [octoscode] draft synced: 1 chars
    log: [I] apps/octoscode/module/src/lib.rs:5912:17 - [octoscode] key Escape -> PaletteClose
    log: [I] apps/octoscode/module/src/lib.rs:5912:17 - [octoscode] key Backspace -> Ignore
    log: [I] apps/octoscode/module/src/lib.rs:5235:21 - [octoscode] draft synced: 0 chars
    log: [I] apps/octoscode/module/src/lib.rs:5912:17 - [octoscode] key Backspace -> Ignore
    log: [I] apps/octoscode/module/src/lib.rs:5235:21 - [octoscode] draft synced: 0 chars
    log: [I] apps/octoscode/module/src/lib.rs:5912:17 - [octoscode] key Backspace -> Ignore
    log: [I] apps/octoscode/module/src/lib.rs:5235:21 - [octoscode] draft synced: 0 chars
    log: [I] apps/octoscode/module/src/lib.rs:5912:17 - [octoscode] key Backspace -> Ignore
    log: [I] apps/octoscode/module/src/lib.rs:5235:21 - [octoscode] draft synced: 0 chars
    log: [I] apps/octoscode/module/src/lib.rs:4170:13 - [octoscode] chrome: OpenSettings
    log: [I] apps/octoscode/module/src/lib.rs:1809:13 - [octoscode] settings action: settings.panel.open
    log: [I] apps/octoscode/module/src/lib.rs:4170:13 - [octoscode] chrome: Action("settings.section.connection", 0)
    log: [I] apps/octoscode/module/src/lib.rs:1809:13 - [octoscode] settings action: settings.section.connection
CLICK settings_disconnect r=[362, 354, 112, 36] at (418,372)
PASS board 1: Disconnect CLICK
PASS board 1: the Connect card returns
PASS board 1: the Connect card reads Chinese — '连接 Octos'
PASS Connect card (board 1): no clipped or overflowing Chinese label (zh-connect) — cjk=4 outside=0 overflow=0 truncated=0 overlaps=0 controls=4 under28=0
SHOT zh-connect
CLICK b1_connect_pair r=[605, 482, 148, 32] at (679,498)
PASS Pair with Octos (board 1 p4-01): no clipped or overflowing Chinese label (zh-pairing) — cjk=0 outside=0 overflow=0 truncated=0 overlaps=0 controls=4 under28=0
SHOT zh-pairing
CLICK b1_pair_back r=[357, 142, 28, 32] at (371,158)
CLICK connect_btn r=[471, 426, 416, 44] at (679,448)
PASS board 1: Connect reconnects
CLICK settings_open_hit r=[960, 87, 68, 30] at (994,102)
CLICK nv_hit r=[161, 417, 164, 40] at (243,437)
    log: [I] apps/octoscode/module/src/lib.rs:4170:13 - [octoscode] chrome: Action("a9.leave.disconnect", 0)
    log: [I] apps/octoscode/module/src/a9_host.rs:244:17 - [octoscode] a9 leave Disconnect: unfinished=false unsaved=false -> now
    log: [I] apps/octoscode/module/src/a9_host.rs:323:9 - [octoscode] a9 leave done: Disconnect (transport closed, Offline)
    log: [I] apps/octoscode/module/src/lib.rs:1809:13 - [octoscode] settings action: settings.panel.close
    log: [I] apps/octoscode/module/src/lib.rs:2828:13 - [octoscode] board1 action: b1.open.pairing
    log: [I] apps/octoscode/module/src/lib.rs:2828:13 - [octoscode] board1 action: pair.back
    log: [I] apps/octoscode/module/src/lib.rs:5307:25 - [octoscode] card tap: connect
    log: [I] apps/octoscode/module/src/lib.rs:2954:9 - [octoscode] screen action: connect
    log: [I] apps/octoscode/module/src/lib.rs:3083:17 - [octoscode] connect: http://127.0.0.1:8508
    log: [I] apps/octoscode/module/src/lib.rs:3099:35 - [octoscode] connect: token stored for http://127.0.0.1:8508
    log: [I] apps/octoscode/module/src/lib.rs:3058:29 - [octoscode] live: profile="dsflash" plan=Explicit("dsflash")
    log: [I] apps/octoscode/module/src/lib.rs:3062:29 - [octoscode] startup: Explicit("dsflash:main")
    log: [I] apps/octoscode/module/src/flow.rs:1022:9 - [octoscode] history of dsflash:main could not be read: session/hydrate returned an invalid result: missing field `session_id`
    log: [I] apps/octoscode/module/src/lib.rs:4170:13 - [octoscode] chrome: OpenSettings
    log: [I] apps/octoscode/module/src/lib.rs:1809:13 - [octoscode] settings action: settings.panel.open
    log: [I] apps/octoscode/module/src/lib.rs:4170:13 - [octoscode] chrome: Action("settings.section.preferences", 0)
    log: [I] apps/octoscode/module/src/lib.rs:1809:13 - [octoscode] settings action: settings.section.preferences
CLICK lang_en r=[755, 215, 84, 28]
    log: [I] apps/octoscode/module/src/lib.rs:4170:13 - [octoscode] chrome: Action("a9.prefs.lang.en", 0)
    log: [I] apps/octoscode/module/src/a9_host.rs:188:21 - [octoscode] a24 language -> en (switched)
    log: [I] apps/octoscode/module/src/chrome.rs:2144:13 - [octoscode] a24 shell copy: 47 text(s) set (en; 87 source(s))
PASS restore: English CLICK
PASS restore: the sheet reads English again — ['简体中文']
PASS restore: no Chinese left on the sheet — ['简体中文']
SHOT en-restored
CLICK lang_zh r=[839, 215, 84, 28]
    log: [I] apps/octoscode/module/src/lib.rs:4170:13 - [octoscode] chrome: Action("a9.prefs.lang.zh", 0)
    log: [I] apps/octoscode/module/src/a9_host.rs:188:21 - [octoscode] a24 language -> zh (switched)
    log: [I] apps/octoscode/module/src/chrome.rs:2144:13 - [octoscode] a24 shell copy: 47 text(s) set (zh; 87 source(s))
CLICK prefs_save r=[362, 394, 148, 36] at (436,412)
PASS save: the file holds language zh — {'language': 'zh', 'theme': 'terminal', 'version': 1, 'vimMode': False}
CLICK settings_close r=[905, 154, 32, 32] at (921,170)
== 36/36 checks passed
