CLICK OctosCode icon on the phone home at (153,363)
== 1. no preview yet: the header Review entry
CLICK review_open_hit r=[264, 85, 36, 30] at (282,100)
PASS header: Review CLICK opens the diff review modal (eyebrow + 'Review changes')
PASS empty: 'No diff preview yet' + the reason; nothing is read
PASS empty: dialog numeric checks — frame=328x225 centre_dx=0.0 margins L=16 R=22 labels=6 outside=0 overlaps=0 controls=2 under28=0
PASS empty: the close control is >= 28 x 28 px — b3_close=[300, 372, 28, 28]
PASS empty: the title sits inside the modal card (no header collision) — title=[32, 383, 172, 21] dialog=[16, 352, 328, 225]
SHOT 01-empty-phone
CLICK b3_diff_native r=[46, 514, 122, 32] at (107,530)
PASS empty: 'Code review…' CLICK opens the Code review dialog (/review)
SHOT 01b-code-review-phone
CLICK dialog_close r=[325, 98, 28, 28] at (339,112)
PASS code review: closed again (the composer is back)
== 2. a typed diff approval's Review diff
CLICK composer r=[28, 765, 304, 29]
KEY End
TYPE 'apply the version flag'
KEY Return
PASS turn: a prompt CLICK + Return -> turn/start (the approvals turn)
PASS approval: the command approval takes the composer over
CLICK cv_ap_deny r=[28, 771, 304, 40] at (180,791)
PASS approval: Deny -> the typed DIFF approval with 'Review diff' — 'Apply a patch to sr…'
CLICK cv_ap_diff r=[28, 775, 304, 36] at (180,793)
PASS diff: 'Review diff' CLICK opens the dialog on ONE diff/preview/get — title='Add a --version flag'
PASS diff: the totals, status · source · id, the file, its hunk and lines — add='+4' del='−1' status='ready' path='src/main.rs' l2='    if args.version {'
PASS preview: dialog numeric checks — frame=328x359 centre_dx=0.0 margins L=16 R=16 labels=33 outside=0 overlaps=0 controls=2 under28=0
PASS preview: the close control is >= 28 x 28 px — b3_close=[300, 305, 28, 28]
PASS preview: the title sits inside the modal card (no header collision) — title=[32, 316, 172, 21] dialog=[16, 285, 328, 359]
SHOT 02-preview-phone
CLICK b3_diff_refresh r=[212, 304, 80, 30] at (252,319)
PASS diff: Refresh CLICK -> one more diff/preview/get
CLICK b3_close r=[300, 305, 28, 28] at (314,319)
PASS diff: the close CLICK returns to the approval card
== 3. the header Review entry now opens the announced preview
CLICK review_open_hit r=[264, 85, 36, 30] at (282,100)
PASS header: Review CLICK -> the preview (one more read)
SHOT 03-header-preview-phone
CLICK b3_close r=[300, 305, 28, 28] at (314,319)
PASS header: the close control CLICK closes it
CLICK cv_ap_session r=[28, 669, 304, 46] at (180,692)
== 19/19 checks passed
