== A28 diff review (desktop, zh)
CLICK composer r=[375, 585, 629, 28]
KEY End
TYPE 'retry the steer queue'
KEY Return
PASS turn: a prompt CLICK + Return -> turn/start (the approvals turn)
PASS approval: the command approval takes the composer over
CLICK cv_ap_deny r=[652, 615, 59, 34] at (682,632)
PASS approval: Deny -> the typed DIFF approval with 'Review diff' — 'Apply a patch to steer_queue.rs, octos.conf and steer.md'
CLICK cv_ap_diff r=[558, 615, 86, 34] at (601,632)
PASS words: 'Review diff' CLICK opens the review on ONE diff/preview/get — title='Retry the steer queue with backoff'
SHOT words-desktop
PASS words: desktop = min(1080, 100%) x min(780, 100%) inside the 24 px inset, centred — dialog=[78, 100, 941, 554] want=942x555 module=[54, 76, 990, 603] centre=(-0.5,-0.5)
PASS words: desktop shows the preview id
PASS words: dialog numeric checks (no clipped label, no overlap, controls >= 28 px) — frame=941x554 centre_dx=-0.5 margins L=20 R=19 labels=127 outside=0 overlaps=0 controls=2 under28=0
PASS words: zh copy, CJK labels whole (eyebrow, Refresh) — eyebrow='服务器确认的差异预览' [98, 116, 110, 13] refresh='刷新' [925, 126, 26, 16] in [908, 119, 59, 30]
PASS words: every line is whole (its runs join to the fixture text)
PASS words: keyword / function / constant runs on context, removed and added lines — l0=[('pl', '    '), ('kw', 'fn'), ('pl', ' '), ('fn', 'redeliver'), ('pu', '(&'), ('kw', 'mut')]
PASS conf: no grammar -> plain runs only, word marks on 500 / 250 — classes=['tx'] l0=['500'] l1=['250']
PASS words: the equal 1:1 blocks carry the web's word marks — _h0_l2=['Duration::from_millis', '500']; _h0_l3=['self.backoff.next', 'attempt']; _h0_l5=['send']; _h0_l6=['send_with_retry', ', &self.backoff']; _h0_l0=['500']; _h0_l1=['250']
PASS words: the unequal block (+48, +49), context lines and the < 25 % pair carry no mark — []
PASS words: each mark lies in its row on its words' columns (x, width) — marks drawn=9 
PASS words: the marks are drawn in the success / error fills — added=(187, 234, 203) want (187, 234, 203); removed=(250, 193, 193) want (250, 193, 193)
PASS words: a keyword run is drawn in the keyword colour (#b4235a family) — fn ink=(180, 35, 90)
CLICK b3_close r=[975, 120, 28, 28] at (989,134)
PASS words: the close CLICK returns to the approval card
== the header Review control re-opens the announced preview
CLICK review_open_hit r=[858, 87, 94, 30] at (905,102)
PASS header: Review CLICK re-opens the same preview (one more read)
PASS header: the re-opened review carries the same marks — ['self.backoff.next', 'attempt']
CLICK b3_close r=[975, 120, 28, 28] at (989,134)
== the large preview: past the bound, nothing is decorated
CLICK cv_ap_session r=[719, 615, 157, 34] at (798,632)
PASS approval: Approve for session -> the large diff approval — 'Apply a patch to Cargo.lock and Cargo.toml'
CLICK cv_ap_diff r=[558, 615, 86, 34] at (601,632)
PASS large: 'Review diff' CLICK opens the large preview — title='Bump octos to 0.24.1'
SHOT large-desktop
PASS large: desktop = min(1080, 100%) x min(780, 100%) inside the 24 px inset, centred — dialog=[78, 100, 941, 554] want=942x555 module=[54, 76, 990, 603] centre=(-0.5,-0.5)
PASS large: desktop shows the preview id
PASS large: dialog numeric checks (no clipped label, no overlap, controls >= 28 px) — frame=941x554 centre_dx=-0.5 margins L=20 R=19 labels=22 outside=0 overlaps=0 controls=2 under28=0
PASS large: zh copy, CJK labels whole (eyebrow, Refresh) — eyebrow='服务器确认的差异预览' [98, 116, 110, 13] refresh='刷新' [925, 126, 26, 16] in [908, 119, 59, 30]
PASS large: the note 'Large preview shown as plain text. All lines are included.' — '大型预览以纯文本显示，已包含所有行。'
PASS large: no run and no word mark anywhere (all or nothing) — runs=0 marks=0
SHOT large-end-desktop
PASS large: every line is included (all 520 Cargo.lock lines, the last one scrolled into view) — lines=520 want=520 blocks=9
PASS large: the removed line keeps its tint and red text (no syntax colour) — block=b3_diff_file_0_h0_b1 ink=(197, 15, 15)
CLICK b3_close r=[975, 120, 28, 28] at (989,134)
== the heaviest preview still decorated (394 lines, just under the bound)
CLICK cv_ap_once r=[884, 615, 118, 34] at (943,632)
PASS approval: Approve once -> the dense diff approval — 'Apply a patch to backoff.rs'
CLICK cv_ap_diff r=[558, 615, 86, 34] at (601,632)
PASS dense: 394 decorated lines open as runs and marks within 4 s of the CLICK — 0.85 s, lines with runs=394, lines with marks=196
SHOT dense-desktop
CLICK b3_close r=[975, 120, 28, 28] at (989,134)
CLICK cv_ap_session r=[719, 615, 157, 34] at (798,632)
== 31/31 checks passed
