    log: [I] apps/octoscode/module/src/design.rs:163:9 - [octoscode] design root: <PATH>
    log: [I] apps/octoscode/module/src/design.rs:413:9 - [octoscode] font faces resolve under <PATH>
    log: [I] apps/octoscode/module/src/lib.rs:1412:9 - [octoscode] a24 language at launch: en
    log: [I] apps/octoscode/module/src/screens/bootstrap.rs:169:5 - [octoscode] bootstrap: Harness(http://127.0.0.1:8524, token: true) (remembered server: false, saved token: false, restore target: false, auto-connect: None)
    log: [I] apps/octoscode/module/src/screens/discovery.rs:273:17 - [octoscode] discovery: no probe (a credential is at hand)
    log: [I] apps/octoscode/module/src/attention.rs:1032:9 - [octoscode] attention: start (platform api true, focused false)
    log: [I] apps/octoscode/module/src/attention.rs:952:9 - [octoscode] attention(fake os): authorization not-determined requested=false
    log: [I] apps/octoscode/module/src/lib.rs:1687:13 - [octoscode] startup: Explicit("dsflash:main")
    log: [I] apps/octoscode/module/src/flow.rs:1375:9 - [octoscode] history of dsflash:main could not be read: session/hydrate returned an invalid result: missing field `session_id`
    log: [I] apps/octoscode/module/src/lib.rs:3481:17 - [octoscode] composer remounted
    log: [I] apps/octoscode/module/src/lib.rs:4363:43 - [octoscode] board3 PermissionLoad failed: permission/profile/list returned another session
    log: [I] apps/octoscode/module/src/lib.rs:3585:38 - [octoscode] chrome: 3 profile reads folded
    log: [I] apps/octoscode/module/src/lib.rs:4363:43 - [octoscode] board3 StatusRead failed: status belongs to another Session
    log: [I] apps/octoscode/module/src/screens/surfaces/host.rs:221:17 - [octoscode] view: session dsflash:main restored (following)
    log: [I] apps/octoscode/module/src/lib.rs:3928:25 - [octoscode] composer extras: 0 queued, steer=false, recovery=None, peer=None
    log: [I] apps/octoscode/module/src/lib.rs:3986:17 - [octoscode] aside panel: hidden
    log: [I] apps/octoscode/module/src/attention.rs:1092:9 - [octoscode] attention: os Authorization { status: NotDetermined, requested: false, error: None }
PASS click: the app starts unfocused (a hidden window never gains focus)
CLICK settings_open_hit r=[935, 87, 92, 30] at (981,102)
CLICK tg_notify r=[881, 213, 44, 32] at (903,229)
PASS click: notifications opted in
CLICK settings_close r=[905, 154, 32, 32] at (921,170)
    log: [I] apps/octoscode/module/src/lib.rs:4449:13 - [octoscode] chrome: OpenSettings
    log: [I] apps/octoscode/module/src/lib.rs:1922:13 - [octoscode] settings action: settings.panel.open
    log: [I] apps/octoscode/module/src/lib.rs:4449:13 - [octoscode] chrome: Action("notifications_toggle.toggle", 0)
    log: [I] apps/octoscode/module/src/lib.rs:1922:13 - [octoscode] settings action: notifications_toggle.toggle
    log: [I] apps/octoscode/module/src/attention.rs:952:9 - [octoscode] attention(fake os): authorization granted requested=true
    log: [I] apps/octoscode/module/src/attention.rs:1092:9 - [octoscode] attention: os Authorization { status: Granted, requested: true, error: None }
    log: [I] apps/octoscode/module/src/lib.rs:4449:13 - [octoscode] chrome: CloseSettings
    log: [I] apps/octoscode/module/src/lib.rs:1922:13 - [octoscode] settings action: settings.panel.close
CLICK i0_composer_0 r=[375, 585, 629, 28] at (690,599)
TYPE 'Summarize the task list'
KEY Return
    log: [I] apps/octoscode/module/src/lib.rs:5580:21 - [octoscode] draft synced: 23 chars
    log: [I] apps/octoscode/module/src/lib.rs:6289:17 - [octoscode] key ReturnKey -> ComposerSubmit
    log: [I] apps/octoscode/module/src/flow_controller.rs:205:9 - [octoscode] turn/start 01a0ff1d-5b70-7606-8e65-0b229f5b2195: Accepted
    log: [I] apps/octoscode/module/src/flow.rs:3005:43 - [octoscode] turn started: 01a0ff1d-5b70-7606-8e65-0b229f5b2195
    log: [I] apps/octoscode/module/src/attention.rs:988:9 - [octoscode] attention(fake os): posted octoscode-attention:dsflash:main | Fix steer queue drop on reconnect | A background response finished. Return to OctosCode to review it.
    log: [I] apps/octoscode/module/src/attention.rs:1049:13 - [octoscode] attention: completed turn 01a0ff1d-5b70-7606-8e65-0b229f5b2195 of dsflash:main needs attention (focused false)
PASS click: the finished turn posted ONE notice for its Session (title = the Session, the web's body) — ention(fake os): posted octoscode-attention:dsflash:main | Fix steer queue drop on reconnect | A background response finished. Return to OctosCode to review it.
PASS click: posting never focused the app
PASS click: later syncs cannot notify twice
SHOT notice-posted
CLICK the 'Add session fork' row at (194,340)
    log: [I] apps/octoscode/module/src/lib.rs:4449:13 - [octoscode] chrome: Action("session.open", 1)
    log: [I] apps/octoscode/module/src/lib.rs:2040:21 - [octoscode] sidebar action: session.open row 1
    log: [I] apps/octoscode/module/src/screens/surfaces/host.rs:221:17 - [octoscode] view: session dsflash:api:fork restored (following)
    log: [I] apps/octoscode/module/src/lib.rs:4363:43 - [octoscode] board3 StatusRead failed: status belongs to another Session
    log: [I] apps/octoscode/module/src/lib.rs:4363:43 - [octoscode] board3 PermissionLoad failed: permission/profile/list returned another session
    log: [I] apps/octoscode/module/src/flow.rs:1375:9 - [octoscode] history of dsflash:api:fork could not be read: session/hydrate returned an invalid result: missing field `session_id`
PASS click: switched to another Session by its sidebar row — header='Add session fork'
PASS click: the notice was not withdrawn by the switch
HOOK /event?data=octoscode.attention.click:octoscode-attention:dsflash:main
    log: [I] apps/octoscode/module/src/attention.rs:1107:9 - [octoscode] attention: test hook click octoscode-attention:dsflash:main
    log: [I] apps/octoscode/module/src/attention.rs:1092:9 - [octoscode] attention: os Clicked { id: "octoscode-attention:dsflash:main" }
    log: [I] apps/octoscode/module/src/attention.rs:991:9 - [octoscode] attention(fake os): closed octoscode-attention:dsflash:main
    log: [I] apps/octoscode/module/src/lib.rs:4426:17 - [octoscode] attention: notice click -> open dsflash:main (row 0)
    log: [I] apps/octoscode/module/src/screens/surfaces/host.rs:221:17 - [octoscode] view: session dsflash:main restored (following)
    log: [I] apps/octoscode/module/src/lib.rs:4363:43 - [octoscode] board3 PermissionLoad failed: permission/profile/list returned another session
    log: [I] apps/octoscode/module/src/lib.rs:4363:43 - [octoscode] board3 StatusRead failed: status belongs to another Session
    log: [I] apps/octoscode/module/src/flow.rs:1375:9 - [octoscode] history of dsflash:main could not be read: session/hydrate returned an invalid result: missing field `session_id`
PASS click: the click opened the notice's Session — header='Fix steer queue drop on reconnect'
PASS click: the clicked notice was withdrawn
SHOT click-routed
HOOK /event?data=octoscode.attention.focus:1
    log: [I] apps/octoscode/module/src/attention.rs:1080:13 - [octoscode] attention: window focused — acknowledged
PASS click: window focus acknowledges
CLICK i0_composer_0 r=[375, 585, 629, 28] at (690,599)
TYPE 'And now the follow-up'
KEY Return
    log: [I] apps/octoscode/module/src/lib.rs:5580:21 - [octoscode] draft synced: 21 chars
    log: [I] apps/octoscode/module/src/lib.rs:6289:17 - [octoscode] key ReturnKey -> ComposerSubmit
    log: [I] apps/octoscode/module/src/flow_controller.rs:205:9 - [octoscode] turn/start 01a0ff1d-7156-75df-9aeb-956a6f9ace4b: Accepted
    log: [I] apps/octoscode/module/src/flow.rs:3005:43 - [octoscode] turn started: 01a0ff1d-7156-75df-9aeb-956a6f9ace4b
PASS click: a focused window never notifies for the Session it shows — turn/start sent 2x (the turn played)
HOOK /event?data=octoscode.attention.focus:0
CLICK i0_composer_0 r=[375, 585, 629, 28] at (690,599)
TYPE 'One more'
KEY Return
    log: [I] apps/octoscode/module/src/lib.rs:5580:21 - [octoscode] draft synced: 8 chars
    log: [I] apps/octoscode/module/src/lib.rs:6289:17 - [octoscode] key ReturnKey -> ComposerSubmit
    log: [I] apps/octoscode/module/src/flow_controller.rs:205:9 - [octoscode] turn/start 01a0ff1d-8d06-75ff-a6c1-e4a2af9713ee: Accepted
    log: [I] apps/octoscode/module/src/flow.rs:3005:43 - [octoscode] turn started: 01a0ff1d-8d06-75ff-a6c1-e4a2af9713ee
    log: [I] apps/octoscode/module/src/attention.rs:988:9 - [octoscode] attention(fake os): posted octoscode-attention:dsflash:main | Fix steer queue drop on reconnect | A background response finished. Return to OctosCode to review it.
    log: [I] apps/octoscode/module/src/attention.rs:1049:13 - [octoscode] attention: completed turn 01a0ff1d-8d06-75ff-a6c1-e4a2af9713ee of dsflash:main needs attention (focused false)
PASS click: unfocused again, the next finished turn notifies
HOOK /event?data=octoscode.attention.focus:1
    log: [I] apps/octoscode/module/src/attention.rs:1080:13 - [octoscode] attention: window focused — acknowledged
    log: [I] apps/octoscode/module/src/attention.rs:991:9 - [octoscode] attention(fake os): closed octoscode-attention:dsflash:main
PASS click: returning (focus) withdraws the notice
== 13/13 checks passed
