[headless] launch: MAKEPAD_HIDE_WINDOWS=1 <PATH> --remote 8483 --module octoscode --test-action page:0 --test-action launch-octoscode
[makepad-remote] listening on 127.0.0.1:8483 pid=37215 app=octosense grabs=<TMP>
[headless] up: pid 37215  port 8483  log <PATH>
[headless] drive it:  curl -s http://127.0.0.1:8483/snap?q=Button   |   harness/headless.sh shot 8483 out.png
CLICK sidebar_toggle_hit r=[12, 82, 36, 36] at (30,100)
PASS the sidebar lists Session X and Session Y — ['Main', 'Session X — clean the scratch dir', 'Session Y — release notes']
CLICK sb_r_title 'Session X — clean the scratch dir' r=[38, 308, 235, 17]
PASS CLICK row 'Session X' -> session/open X
TYPE 'please run rm -rf scratch_dir in this repo'
KEY Return
TAP the keyboard's hide chevron (337,513)
PASS wire: X's turn/start
PASS X: the approval takes X's composer over — 'rm -rf scratch_dir'
PASS X's approval card: layout frame=336x314 centre_dx=0.0 margins L=16 R=16 labels=8 outside=0 overlaps=0 controls=3 under28=0 gutters>=12=True — {"ok": true, "frame": [12, 508, 336, 314], "centre_dx": 0.0, "margins": [16, 16], "labels": 8, "outside": [], "overlaps": [], "controls": 3, "under28": []}
SHOT phone-01-x-approval
CLICK sidebar_toggle_hit r=[12, 82, 36, 36] at (30,100)
CLICK sb_r_title 'Session Y — release notes' r=[38, 340, 235, 17]
PASS CLICK row 'Session Y' -> session/open Y
PASS Y: no card (X's approval is not Y's)
SHOT phone-02-y-no-card
KEY y
KEY s
KEY n
PASS Y: the keyboard sends nothing (Y / S / N resolve to typing) — []
PASS log: Y's bare Y resolves to Ignore
CLICK sidebar_toggle_hit r=[12, 82, 36, 36] at (30,100)
PASS X's row waits (its own approval)
PASS Y's row does not wait on X's approval
PASS layout: X's Waiting dot is centred on X's row, left of its title — dot=[[21, 313, 7, 7]] title=[38, 308, 235, 17]
SHOT phone-03-sidebar-x-waits
CLICK sidebar_toggle_hit r=[12, 82, 36, 36] at (30,100)
TYPE 'ask me which color to use'
KEY Return
TAP the keyboard's hide chevron (337,513)
PASS wire: Y's turn/start
PASS Y: its own question takes Y's composer over
PASS Y's question card: layout frame=336x453 centre_dx=0.0 margins L=16 R=16 labels=13 outside=0 overlaps=0 controls=3 under28=0 gutters>=12=True — {"ok": true, "frame": [12, 369, 336, 453], "centre_dx": 0.0, "margins": [16, 16], "labels": 13, "outside": [], "overlaps": [], "controls": 3, "under28": []}
SHOT phone-04-y-question
CLICK sidebar_toggle_hit r=[12, 82, 36, 36] at (30,100)
CLICK sb_r_title 'Session X — clean the scratch dir' r=[38, 308, 235, 17]
PASS CLICK row 'Session X' -> session/open X again
PASS wire: X's canonical hydrate read its parked interactions
PASS X: its approval again, never Y's question
PASS X's restored approval card: layout frame=336x314 centre_dx=0.0 margins L=16 R=16 labels=8 outside=0 overlaps=0 controls=3 under28=0 gutters>=12=True — {"ok": true, "frame": [12, 508, 336, 314], "centre_dx": 0.0, "margins": [16, 16], "labels": 8, "outside": [], "overlaps": [], "controls": 3, "under28": []}
SHOT phone-05-x-approval-again
CLICK cv_ap_once r=[28, 637, 304, 46] at (180,660)
PASS CLICK Approve once
PASS wire: exactly one approval/respond, to X with X's ids — [{'approval_id': '01a0e773-f844-7d50-a20a-000000000001', 'approval_scope': 'request', 'decision': 'approve', 'session_id': 'a20:api:xray'}]
PASS X: decided, the composer is back
CLICK sidebar_toggle_hit r=[12, 82, 36, 36] at (30,100)
CLICK sb_r_title 'Session Y — release notes' r=[38, 340, 235, 17]
PASS CLICK row 'Session Y' -> session/open Y again
PASS Y: its question survived X's approval
CLICK cv_q_0_opt_1 r=[28, 541, 300, 55] at (178,568)
PASS CLICK option 'Green'
PASS the primary is live
CLICK cv_q_submit r=[28, 720, 304, 46] at (180,743)
PASS CLICK Submit answer
PASS wire: user_question/respond to Y with Y's ids — [{'answers': [{'selected_labels': ['Green']}], 'question_id': '01a0e773-f844-7d50-a20b-000000000002', 'session_id': 'a20:api:yankee'}]
PASS Y: answered, the composer is back
SHOT phone-06-y-answered
PASS wire: nothing was ever answered on Y for X
== 30/30 checks passed
gq: {"png":["<TMP>"],"quit":1}
[headless] pid 37215 exited after /gq
[headless] port 8483 free
