CLICK i0_composer_0 'Ask Octos anything' r=[375, 585, 629, 28] at (690,599)
TYPE '/'
    log: [octoscode] draft synced: 1 chars
SHOT palette
TYPE 'mo'
    log: [octoscode] draft synced: 3 chars
SHOT palette-mo
TYPE '/'
    log: [octoscode] key Backspace -> Ignore
    log: [octoscode] draft synced: 2 chars
    log: [octoscode] key Backspace -> Ignore
    log: [octoscode] draft synced: 1 chars
    log: [octoscode] key Backspace -> Ignore
    log: [octoscode] draft synced: 0 chars
    log: [octoscode] draft synced: 1 chars
TYPE 'mo'
    log: [octoscode] draft synced: 3 chars
CLICK palette_row_name '/model' r=[286, 252, 63, 28] at (318,266)
    log: [octoscode] palette row 0 clicked
    log: [octoscode] palette run /model -> dialog.open.models
    log: [octoscode] dialog action: dialog.open.models
    log: [octoscode] dialog action: dialog.refresh.profile
    log: [octoscode] dialog load dialog.refresh.profile: no connection
    log: [octoscode] dialog models mounted: frame 364x570 scale 1.000, 3 tap(s)
SHOT models
CLICK dialog_close '' r=[691, 111, 28, 28] at (705,125)
    log: [octoscode] dialog tap: dialog.close
    log: [octoscode] dialog action: dialog.close
    log: [octoscode] nav tap: dialog.close
CLICK i0_composer_0 'Ask Octos anything' r=[375, 585, 629, 28] at (690,599)
TYPE '/'
    log: [octoscode] draft synced: 1 chars
TYPE 'comp'
    log: [octoscode] draft synced: 5 chars
CLICK palette_row_name '/compact' r=[286, 252, 82, 28] at (327,266)
    log: [octoscode] palette row 0 clicked
    log: [octoscode] palette run /compact -> dialog.open.context
    log: [octoscode] dialog action: dialog.open.context
    log: [octoscode] dialog action: dialog.refresh.context
    log: [octoscode] dialog load dialog.refresh.context: no connection
    log: [octoscode] dialog context mounted: frame 361x488 scale 1.000, 4 tap(s)
SHOT context
CLICK dlg_context_btn_compact_control '' r=[381, 556, 328, 58] at (545,585)
    log: [octoscode] dialog tap: dialog.ask.context.compact_now
    log: [octoscode] dialog action: dialog.ask.context.compact_now
    log: [octoscode] dialog confirm asked: context.compact_now (true)
    log: [octoscode] dialog context mounted: frame 380x213 scale 1.000, 3 tap(s)
SHOT context-confirm
CLICK dlg_context_cf_cancel_control '' r=[379, 416, 164, 44] at (461,438)
    log: [octoscode] dialog tap: dialog.cancel
    log: [octoscode] dialog action: dialog.cancel
    log: [octoscode] dialog confirm cancelled
    log: [octoscode] dialog context mounted: frame 361x488 scale 1.000, 4 tap(s)
CLICK dialog_close '' r=[689, 153, 28, 28] at (703,167)
    log: [octoscode] dialog tap: dialog.close
    log: [octoscode] dialog action: dialog.close
    log: [octoscode] nav tap: dialog.close
CLICK i0_composer_0 'Ask Octos anything' r=[375, 585, 629, 28] at (690,599)
TYPE '/'
    log: [octoscode] draft synced: 1 chars
TYPE 'sk'
    log: [octoscode] draft synced: 3 chars
CLICK palette_row_name '/skills' r=[286, 252, 54, 28] at (313,266)
    log: [octoscode] palette row 0 clicked
    log: [octoscode] palette run /skills -> dialog.open.skills
    log: [octoscode] dialog action: dialog.open.skills
    log: [octoscode] dialog action: dialog.refresh.profile
    log: [octoscode] dialog load dialog.refresh.profile: no connection
    log: [octoscode] dialog skills mounted: frame 418x570 scale 1.000, 6 tap(s)
SHOT skills
CLICK dlg_skills_t_remove0_hit '' r=[642, 294, 60, 36] at (672,312)
    log: [octoscode] dialog tap: dialog.ask.skills.remove_0
    log: [octoscode] dialog action: dialog.ask.skills.remove_0
    log: [octoscode] dialog confirm asked: skills.remove_0 (true)
    log: [octoscode] dialog skills mounted: frame 380x244 scale 1.000, 3 tap(s)
SHOT skills-confirm
CLICK dlg_skills_cf_cancel_control '' r=[379, 431, 164, 44] at (461,453)
    log: [octoscode] dialog tap: dialog.cancel
    log: [octoscode] dialog action: dialog.cancel
    log: [octoscode] dialog confirm cancelled
    log: [octoscode] dialog skills mounted: frame 418x570 scale 1.000, 6 tap(s)
CLICK dialog_close '' r=[718, 112, 28, 28] at (732,126)
    log: [octoscode] dialog tap: dialog.close
    log: [octoscode] dialog action: dialog.close
    log: [octoscode] nav tap: dialog.close
CLICK i0_composer_0 'Ask Octos anything' r=[375, 585, 629, 28] at (690,599)
TYPE '/'
    log: [octoscode] draft synced: 1 chars
TYPE 'go'
    log: [octoscode] draft synced: 3 chars
CLICK palette_row_name '/goal' r=[286, 252, 46, 28] at (309,266)
    log: [octoscode] palette row 0 clicked
    log: [octoscode] palette run /goal -> dialog.open.goal
    log: [octoscode] dialog action: dialog.open.goal
    log: [octoscode] dialog goal mounted: frame 414x541 scale 1.000, 4 tap(s)
SHOT goal
CLICK dialog_close '' r=[696, 152, 28, 28] at (710,166)
    log: [octoscode] dialog tap: dialog.close
    log: [octoscode] dialog action: dialog.close
    log: [octoscode] nav tap: dialog.close
CLICK i0_composer_0 'Ask Octos anything' r=[375, 585, 629, 28] at (690,599)
TYPE '/'
    log: [octoscode] draft synced: 1 chars
TYPE 'lo'
    log: [octoscode] draft synced: 3 chars
CLICK palette_row_name '/loop' r=[286, 252, 48, 28] at (310,266)
    log: [octoscode] palette row 0 clicked
    log: [octoscode] palette run /loop -> dialog.open.loops
    log: [octoscode] dialog action: dialog.open.loops
    log: [octoscode] dialog loops mounted: frame 426x447 scale 1.000, 10 tap(s)
SHOT loops
CLICK dlg_loops_new_loop_control '' r=[594, 174, 119, 39] at (654,194)
    log: [octoscode] dialog tap: dialog.form.loop.create
    log: [octoscode] dialog action: dialog.form.loop.create
    log: [octoscode] dialog form opened: loop.create (true)
    log: [octoscode] dialog loops mounted: frame 380x306 scale 1.000, 3 tap(s)
SHOT loops-form
CLICK dlg_loops_ff_cancel_control '' r=[379, 462, 164, 44] at (461,484)
    log: [octoscode] dialog tap: dialog.form_cancel
    log: [octoscode] dialog action: dialog.form_cancel
    log: [octoscode] dialog form cancelled
    log: [octoscode] dialog loops mounted: frame 426x447 scale 1.000, 10 tap(s)
CLICK dialog_close '' r=[722, 178, 28, 28] at (736,192)
    log: [octoscode] dialog tap: dialog.close
    log: [octoscode] dialog action: dialog.close
    log: [octoscode] nav tap: dialog.close
CLICK i0_composer_0 'Ask Octos anything' r=[375, 585, 629, 28] at (690,599)
TYPE '/'
    log: [octoscode] draft synced: 1 chars
TYPE 'mon'
    log: [octoscode] draft synced: 4 chars
CLICK palette_row_name '/monitor' r=[286, 252, 76, 28] at (324,266)
    log: [octoscode] palette row 0 clicked
    log: [octoscode] palette run /monitor -> dialog.open.monitors
    log: [octoscode] dialog action: dialog.open.monitors
    log: [octoscode] dialog monitors mounted: frame 418x461 scale 1.000, 5 tap(s)
SHOT monitors
CLICK dialog_close '' r=[718, 165, 28, 28] at (732,179)
    log: [octoscode] dialog tap: dialog.close
    log: [octoscode] dialog action: dialog.close
    log: [octoscode] nav tap: dialog.close
CLICK i0_composer_0 'Ask Octos anything' r=[375, 585, 629, 28] at (690,599)
TYPE '/'
    log: [octoscode] draft synced: 1 chars
TYPE 'pe'
    log: [octoscode] draft synced: 3 chars
CLICK palette_row_name '/peer' r=[286, 252, 50, 28] at (311,266)
    log: [octoscode] palette row 0 clicked
    log: [octoscode] palette run /peer -> dialog.open.fleet
    log: [octoscode] dialog action: dialog.open.fleet
    log: [octoscode] dialog action: dialog.refresh.fleet
    log: [octoscode] dialog load dialog.refresh.fleet: no connection
    log: [octoscode] dialog fleet mounted: frame 423x523 scale 1.000, 4 tap(s)
SHOT fleet
CLICK dialog_close '' r=[720, 139, 28, 28] at (734,153)
    log: [octoscode] dialog tap: dialog.close
    log: [octoscode] dialog action: dialog.close
    log: [octoscode] nav tap: dialog.close
CLICK i0_composer_0 'Ask Octos anything' r=[375, 585, 629, 28] at (690,599)
TYPE '/'
    log: [octoscode] draft synced: 1 chars
TYPE 'ps'
    log: [octoscode] draft synced: 3 chars
CLICK palette_row_name '/ps' r=[286, 252, 33, 28] at (302,266)
    log: [octoscode] palette row 0 clicked
    log: [octoscode] palette run /ps -> dialog.open.tasks
    log: [octoscode] dialog action: dialog.open.tasks
    log: [octoscode] dialog action: dialog.refresh.fleet
    log: [octoscode] dialog load dialog.refresh.fleet: no connection
    log: [octoscode] dialog tasks mounted: frame 412x570 scale 1.000, 2 tap(s)
SHOT tasks
CLICK dialog_close '' r=[715, 134, 28, 28] at (729,148)
    log: [octoscode] dialog tap: dialog.close
    log: [octoscode] dialog action: dialog.close
    log: [octoscode] nav tap: dialog.close
CLICK i0_composer_0 'Ask Octos anything' r=[375, 585, 629, 28] at (690,599)
TYPE '/'
    log: [octoscode] draft synced: 1 chars
TYPE 'rev'
    log: [octoscode] draft synced: 4 chars
CLICK palette_row_name '/review' r=[286, 252, 66, 28] at (319,266)
    log: [octoscode] palette row 0 clicked
    log: [octoscode] palette run /review -> dialog.open.review
    log: [octoscode] dialog action: dialog.open.review
    log: [octoscode] dialog review mounted: frame 407x210 scale 1.000, 2 tap(s)
SHOT review
CLICK dialog_close '' r=[712, 300, 28, 28] at (726,314)
    log: [octoscode] dialog tap: dialog.close
    log: [octoscode] dialog action: dialog.close
    log: [octoscode] nav tap: dialog.close
CLICK i0_composer_0 'Ask Octos anything' r=[375, 585, 629, 28] at (690,599)
== done
