== native walk a12_reconnect [desktop] (tools/walk/a12_reconnect_walk.py)
-- run 1: exit 0 in 23 s
PASS server up — port 8498
[makepad-remote] listening on 127.0.0.1:8494 pid=13175 app=octosense grabs=<abs>/octosense-13175
[headless] up: pid 13175  port 8494  log <abs>/port-8494.log
PASS app launched (hidden, isolated state)
PASS the shell is up and live
PASS strip Ready — 'Ready'
PASS the unsent draft is in the composer — 'unsent words survive the outage'
  shot <repo>/tmp/a22-regress/scratch/a12_reconnect-desktop/out/desktop-1-live.png
PASS outage: the banner appears — after 0.3s
PASS outage: the banner shows — [359, 431, 661, 56]
PASS outage: 'Reconnecting to Octos' — 'Reconnecting to Octos'
PASS outage: the detail names the server in use + the retry count — 'Connection lost · retry 5 · 127.0.0.1:8498'
PASS outage: the shell stays (no Connect card)
PASS outage: the sidebar stays (desktop)
PASS outage: the strip says Reconnecting — 'Reconnecting'
PASS outage: banner spans the composer column (x/w ±1) — banner [359, 431, 661, 56] composer [359, 571, 661, 92]
PASS outage: banner inside the conversation column — [359, 431, 661, 56] in [335, 76, 709, 603]
PASS outage: a12_link_title inside the banner — [417, 443, 379, 16]
PASS outage: a12_link_detail inside the banner — [417, 462, 379, 13]
PASS outage: a12_link_mark inside the banner — [375, 444, 30, 30]
PASS outage: a12_link_retry >= 28 px and inside the banner — [808, 443, 92, 32]
PASS outage: a12_link_leave >= 28 px and inside the banner — [912, 443, 94, 32]
PASS outage: banner sits above the strip (no overlap) — [359, 431, 661, 56] / [359, 495, 661, 75]
PASS outage: title above detail, no overlap — [417, 443, 379, 16] / [417, 462, 379, 13]
PASS outage: the draft is intact — 'unsent words survive the outage'
  shot <repo>/tmp/a22-regress/scratch/a12_reconnect-desktop/out/desktop-2-reconnecting.png
PASS send while down: refused on the banner — 'Not sent — your text stays in the composer.'
PASS send while down: the draft is kept — 'unsent words survive the outage'
PASS send while down: no turn/start reached the wire
PASS held line inside the banner — [417, 461, 379, 15] in [359, 414, 661, 74]
  shot <repo>/tmp/a22-regress/scratch/a12_reconnect-desktop/out/desktop-3-send-refused.png
PASS Retry now is clickable
PASS Retry now re-dials (a fresh transport)
PASS …and the banner stays while the server is down
PASS server back on the same port
PASS recovered: the banner goes by itself (the transport's own re-dial) — 2.5s
PASS recovered: strip Ready — 'Ready'
PASS recovered: the SAME Session re-opened ({reconnect: true}) — [{'cwd': '/home/user/octos', 'reconnect': True, 'session_id': 'a12walk:main'}] vs 'a12walk:main'
PASS recovered: and re-hydrated (the canonical history came back) — 1 hydrate replies
PASS recovered: the header names the same conversation — 'Fix steer queue drop on reconnect' vs 'Fix steer queue drop on reconnect'
PASS recovered: the unsent draft survived — 'unsent words survive the outage'
PASS recovered: no Connect card at any point
  shot <repo>/tmp/a22-regress/scratch/a12_reconnect-desktop/out/desktop-4-recovered.png
PASS give-up: the outage again
PASS typed /review while down: refused on the banner — '/review was not run — your text stays in the composer.'
PASS …the typed command stays in the composer — '/review'
  shot <repo>/tmp/a22-regress/scratch/a12_reconnect-desktop/out/desktop-6-command-refused.png
PASS banner Disconnect is clickable
PASS the unsaved draft asks first (A9's confirmation) — 'Disconnect from Octos?'
  shot <repo>/tmp/a22-regress/scratch/a12_reconnect-desktop/out/desktop-7-disconnect-confirm.png
PASS give-up: the Connect card returns
PASS …showing the server IN USE (not the default) — 'http://127.0.0.1:8498'
  shot <repo>/tmp/a22-regress/scratch/a12_reconnect-desktop/out/desktop-8-connect-card.png
PASS server back
PASS the card's Connect dials that same server and the shell returns
  shot <repo>/tmp/a22-regress/scratch/a12_reconnect-desktop/out/desktop-9-reconnected-from-card.png
== WALK a12 reconnect desktop (replay, TERM): 46/46 passed
   state dir (trace, serve log): <abs>/a12walk.8ccdwd_5
