== native walk a29_btw_aside [desktop] (tools/walk/a29_btw_aside.py)
-- run 1: exit 1 in 113 s
PASS the app opened X (the composer is ready)
FAIL the sidebar lists X and Y
TYPE 'In one short paragraph: what does main.rs print, and why?'
KEY Return
PASS the main prompt started a turn
TYPE '/btw why does redeliver drain the whole queue first?'
KEY Return
PASS wire: session/btw #1 carries X's id and the question — [replay-serve] session/btw #1 asked: session_id=dsflash:main question="why does redeliver drain the whole queue first?"
PASS wire: session/btw #1 carries X
PASS X: the panel shows above X's composer
PASS X: Aside — /btw · Answering… · the scope line · the note — 'Aside — /btw' 'Answering…' 'octos · Fix steer queue drop on reconnect'
PASS X: the accepted aside consumed the composer's text
PASS X: the main turn keeps working above the aside
PASS answering: panel frame=661x173 centre_dx=140.5 margins L=16 R=18 labels=4 outside=0 overlaps=0 controls=2 under28=0 composer-width=True above=True h<=302=True desktop-width>=600=True — {"frame": [359, 331, 661, 173], "composer": [359, 571, 661, 92], "c": {"ok": true, "frame": [359, 331, 661, 173], "centre_dx": 140.5, "margins": [16, 18], "labels": 4, "outside": [], "overlaps": [], "controls": 2, "under28": []}}
SHOT desktop-1-answering
PASS the main turn settles
CLICK row 'Why is hydrate slow?' — not visible
FAIL CLICK Y's row while X's aside answers
FAIL Y is on screen (the header names Y) — 'Fix steer queue drop on reconnect'
FAIL Y: no aside (Y holds none)
FAIL X's row marks its answering aside (blue dot) — chip=None run=False
PASS Y's row carries no marker — None
FAIL layout: Fix steer queu…'s marker is on its row — chip=None row=[92, 300, 194, 17]
SHOT desktop-2-switched-marker
PASS wire: session/btw #1 answered (X's id echoed) — [replay-serve] -> session/btw #1 answered after 10000 ms (btw: synthetic SessionBtwResult) session_id=dsflash:main
FAIL the answer never shows in Y
FAIL X's row marks an answered aside (no dot) — chip=None run=False
FAIL layout: Fix steer queu…'s marker is on its row — chip=None row=[92, 300, 194, 17]
SHOT desktop-3-answered-in-x-marker
CLICK row 'Fix steer queue drop on reconnect' r=[92, 300, 194, 17]
PASS CLICK X's row
PASS back on X: the whole answer — 'Draining first keeps the order stable: `redeliver` resends from a snapshot, so a message that arrives mid-resend waits 
PASS back on X: no Answering… once answered
PASS X on screen: its row shows no marker (the panel shows instead) — None
PASS answered: panel frame=661x189 centre_dx=140.5 margins L=16 R=18 labels=3 outside=0 overlaps=0 controls=2 under28=0 composer-width=True above=True h<=302=True desktop-width>=600=True — {"frame": [359, 315, 661, 189], "composer": [359, 571, 661, 92], "c": {"ok": true, "frame": [359, 315, 661, 189], "centre_dx": 140.5, "margins": [16, 18], "labels": 3, "outside": [], "overlaps": [], "controls": 2, "under28": []}}
SHOT desktop-4-answered
CLICK btw_aside_toggle_hit r=[375, 323, 123, 36] at (436,341)
PASS CLICK the chevron
PASS folded: one row (› Aside — /btw · question · Answered · Close) — 'Answered'
PASS folded: the row is one line tall (<= 52 px) — [359, 456, 661, 48]
PASS folded: panel frame=661x48 centre_dx=140.5 margins L=12 R=23 labels=4 outside=0 overlaps=0 controls=2 under28=0 composer-width=True above=True h<=302=True desktop-width>=600=True — {"frame": [359, 456, 661, 48], "composer": [359, 571, 661, 92], "c": {"ok": true, "frame": [359, 456, 661, 48], "centre_dx": 140.5, "margins": [12, 23], "labels": 4, "outside": [], "overlaps": [], "controls": 2, "under28": []}}
SHOT desktop-5-folded
CLICK btw_aside_toggle_hit r=[367, 462, 575, 36] at (654,480)
PASS CLICK the chevron again: unfolded
TYPE '/btw does redeliver keep the order across a reconnect?'
KEY Return
PASS wire: session/btw #2 carries X — [replay-serve] session/btw #2 asked: session_id=dsflash:main question="does redeliver keep the order across a reconnect?"
PASS the connection drops while it answers: the stale copy — 'The Session connection changed before the aside completed.'
PASS stale: the muted cause
PASS the link comes back
PASS still stale once the link is back (terminal)
PASS stale: panel frame=661x183 centre_dx=140.5 margins L=16 R=18 labels=5 outside=0 overlaps=0 controls=2 under28=0 composer-width=True above=True h<=302=True desktop-width>=600=True — {"frame": [359, 321, 661, 183], "composer": [359, 571, 661, 92], "c": {"ok": true, "frame": [359, 321, 661, 183], "centre_dx": 140.5, "margins": [16, 18], "labels": 5, "outside": [], "overlaps": [], "controls": 2, "under28": []}}
SHOT desktop-6-stale
KEY Return
PASS an empty submit dismisses the aside
TYPE '/btw'
KEY Return
PASS the usage hint (intent.ts:103)
PASS no question: nothing sent — 2 -> 2
PASS no panel for a hint
SHOT desktop-7-hint
TYPE '/btw is the queue persisted across restarts?'
KEY Return
PASS wire: session/btw #3 carries X — [replay-serve] session/btw #3 asked: session_id=dsflash:main question="is the queue persisted across restarts?"
PASS failed: the web's copy (red lead, muted cause) — 'The aside could not be answered.'
PASS failed: panel frame=661x183 centre_dx=140.5 margins L=16 R=18 labels=5 outside=0 overlaps=0 controls=2 under28=0 composer-width=True above=True h<=302=True desktop-width>=600=True — {"frame": [359, 321, 661, 183], "composer": [359, 571, 661, 92], "c": {"ok": true, "frame": [359, 321, 661, 183], "centre_dx": 140.5, "margins": [16, 18], "labels": 5, "outside": [], "overlaps": [], "controls": 2, "under28": []}}
SHOT desktop-8-failed
CLICK btw_aside_close_hit r=[948, 331, 59, 32] at (978,347)
PASS CLICK Close on the failed aside
TYPE '/btw what does steer_dropped count?'
KEY Return
PASS wire: session/btw #4 carries X — [replay-serve] session/btw #4 asked: session_id=dsflash:main question="what does steer_dropped count?"
PASS answering again
CLICK btw_aside_close_hit r=[948, 341, 59, 32] at (978,357)
PASS CLICK Close
PASS Close: the aside is gone
PASS wire: session/btw #4 answered later
PASS the late answer stays hidden
PASS …and no marker
TYPE '/btw which test covers redeliver?'
KEY Return
PASS wire: session/btw #5 carries X — [replay-serve] session/btw #5 asked: session_id=dsflash:main question="which test covers redeliver?"
PASS answered
TYPE 'And add a test for it.'
KEY Return
PASS an admitted prompt clears the settled aside
PASS log: the aside cleared on admission
PASS the prompt went out as a turn
CLICK sb_settings_hit r=[64, 637, 260, 34] at (194,654)
PASS Settings opens from the sidebar footer
CLICK set_nav_preferences r=[161, 417, 164, 40] at (243,437)
PASS Preferences shows
PASS Language: 简体中文
CLICK settings_close r=[905, 154, 32, 32] at (921,170)
TYPE '/btw 为什么要先排空队列？'
KEY Return
PASS zh: 旁问 — /btw · 关闭 · 正在回答… · 此旁问不会保存到对话。 — '旁问 — /btw' '关闭' '正在回答…' '此旁问不会保存到对话。'
PASS zh answering: panel frame=661x173 centre_dx=140.5 margins L=16 R=18 labels=4 outside=0 overlaps=0 controls=2 under28=0 composer-width=True above=True h<=302=True desktop-width>=600=True — {"frame": [359, 331, 661, 173], "composer": [359, 571, 661, 92], "c": {"ok": true, "frame": [359, 331, 661, 173], "centre_dx": 140.5, "margins": [16, 18], "labels": 4, "outside": [], "overlaps": [], "controls": 2, "under28": []}}
SHOT desktop-9-zh-answering
PASS zh: answered
PASS zh answered: panel frame=661x164 centre_dx=140.5 margins L=16 R=18 labels=3 outside=0 overlaps=0 controls=2 under28=0 composer-width=True above=True h<=302=True desktop-width>=600=True — {"frame": [359, 341, 661, 164], "composer": [359, 571, 661, 92], "c": {"ok": true, "frame": [359, 341, 661, 164], "centre_dx": 140.5, "margins": [16, 18], "labels": 3, "outside": [], "overlaps": [], "controls": 2, "under28": []}}
SHOT desktop-10-zh-answered
CLICK btw_aside_toggle_hit r=[375, 349, 112, 36] at (431,367)
PASS zh: CLICK the chevron
PASS zh folded: 旁问 — /btw · question · 已回答 · 关闭 — '已回答'
PASS zh folded: panel frame=661x48 centre_dx=140.5 margins L=12 R=22 labels=4 outside=0 overlaps=0 controls=2 under28=0 composer-width=True above=True h<=302=True desktop-width>=600=True — {"frame": [359, 456, 661, 48], "composer": [359, 571, 661, 92], "c": {"ok": true, "frame": [359, 456, 661, 48], "centre_dx": 140.5, "margins": [12, 22], "labels": 4, "outside": [], "overlaps": [], "controls": 2, "under28": []}}
SHOT desktop-11-zh-folded
== 58/67 checks passed
-- fixture log tail:
[replay-serve] session/btw #3 asked: session_id=dsflash:main question="is the queue persisted across restarts?"
[replay-serve] -> session/btw #3 answered after 10000 ms (btw: synthetic SessionBtwResult) session_id=error
[replay-serve] <- session/btw (id=20)
[replay-serve] session/btw #4 asked: session_id=dsflash:main question="what does steer_dropped count?"
[replay-serve] -> session/btw #4 answered after 10000 ms (btw: synthetic SessionBtwResult) session_id=dsflash:main
[replay-serve] <- session/btw (id=21)
[replay-serve] session/btw #5 asked: session_id=dsflash:main question="which test covers redeliver?"
[replay-serve] -> session/btw #5 answered after 10000 ms (btw: synthetic SessionBtwResult) session_id=dsflash:main
[replay-serve] <- turn/start (id=22)
[replay-serve] replaying 01a0e75b-dfb8-708a-a7ce-5d29c534f2f6 as 01a0fef0-cd61-742f-af5f-650d5fa0f237 (163 recorded frames)
[replay-serve] <- session/list (id=23)
[replay-serve] <- session/list (id=24)
[replay-serve] <- session/btw (id=25)
[replay-serve] session/btw #6 asked: session_id=dsflash:main question="为什么要先排空队列？"
[replay-serve] -> session/btw #6 answered after 10000 ms (btw: synthetic SessionBtwResult) session_id=dsflash:main
