== 1. the sidebar draws ONE row per listed Session
PASS wire: the app listed the Sessions (session/list)
CLICK sidebar_toggle_hit r=[12, 82, 36, 36] at (30,100)
PASS sidebar: one row per Session — the six listed titles, each once — ['Fix steer queue drop on reconnect', 'Add session fork', 'Review PR #2566', 'Why is hydrate slow?', 'Bump octos-core to a6ea8505', 'Legacy chat']
PASS sidebar: the rows' labels share one height (uniform rows) — [17]
SHOT 01-sidebar-rows-phone
== 2. a row CLICK opens that Session
CLICK sidebar row 'Review PR #2566' r=[38, 372, 238, 17]
PASS sidebar: 'Review PR #2566' CLICK
PASS wire: session/open for a8:api:beta
PASS header: the opened Session's title — Review PR #2566
CLICK sidebar_toggle_hit r=[12, 82, 36, 36] at (30,100)
PASS sidebar: the opened row is the selected one — Review PR #2566
SHOT 02-sidebar-selected-phone
== 3. a Session deleted from the switcher (/sessions) leaves the sidebar
CLICK drawer_close r=[270, 87, 32, 32] at (286,103)
TYPE '/sessions'
KEY Return
PASS switcher: /sessions opens 'Open a different session' — Open a different session
PASS switcher: the row 'Why is hydrate slow?' offers delete
CLICK b3_switch_row_3_delete r=[282, 506, 28, 28] at (296,520)
PASS switcher: delete asks first ('Delete?')
CLICK b3_switch_row_3_confirm_yes r=[262, 516, 38, 28] at (281,530)
PASS wire: ONE session/delete for a8:api:hollow — [{'session_id': 'a8:api:hollow'}]
CLICK b3_close r=[300, 271, 28, 28] at (314,285)
CLICK sidebar_toggle_hit r=[12, 82, 36, 36] at (30,100)
PASS sidebar: the deleted Session's row is gone; the other five stay, each once — ['Fix steer queue drop on reconnect', 'Add session fork', 'Review PR #2566', 'Bump octos-core to a6ea8505', 'Legacy chat']
SHOT 03-sidebar-after-delete-phone
== 12/12 checks passed
