== 1. the pane's Advanced: the console offers the seat
CLICK b3_strip_tap r=[359, 516, 660, 32] at (689,532)
CLICK b3_sc_adv r=[289, 603, 510, 36] at (544,621)
PASS pane: the strip CLICK opens 'Session settings'; Advanced CLICK shows who controls it — who='This app'
PASS console: 'Peer controller' with Acquire seat offered, Release seat inert, no seat panel
PASS console: nothing auto-acquires
PASS offered: pane numeric checks — frame=560x563 centre_dx=0.0 margins L=20 R=20 labels=17 outside=0 overlaps=0 controls=3 under28=0
SHOT 01-offered-desktop
== 2. Acquire seat: ONE CAS acquire on the cold revision
CLICK b3_fleet_console_acquire r=[520, 595, 111, 32] at (576,611)
PASS acquire: Acquire seat CLICK -> ONE acquire expected_revision=0 -> Release seat live — [replay-serve] -> session/driver/acquire (fleet sim) expected_revision=0
PASS held: the re-walked disclosure names this app's peer (SELF) — 'A peer you started is using this session'
PASS held: the console is bound to this app's stable driver id — 'Bound to octoscode-native:3eb548da-d004-4727-9aa9-2db9f4c6ec8d @ epoch 1'
PASS held: pane numeric checks — frame=560x563 centre_dx=0.0 margins L=20 R=20 labels=23 outside=0 overlaps=0 controls=3 under28=0
SHOT 02-held-desktop
== 3. the lease renews on the cadence
PASS renew: session/driver/renew x2 while held (2 s cadence in this walk; 45 s in the product) — renews=3
== 4. Release seat parks it; Acquire seat takes it again
CLICK b3_fleet_console_release r=[398, 595, 114, 32] at (455,611)
PASS release: Release seat CLICK -> ONE release next=external -> Acquire seat offered — [replay-serve] -> session/driver/release (fleet sim) expected_revision=1 next=external
SHOT 03-released-desktop
CLICK b3_fleet_console_acquire r=[520, 595, 111, 32] at (576,611)
PASS acquire: Acquire seat CLICK -> the CAS on the revision the release moved (2)
== 5. a chat send hands the held seat back first
CLICK b3_close r=[781, 118, 28, 28] at (795,132)
PASS pane: the close CLICK
CLICK composer r=[375, 585, 629, 28]
KEY End
TYPE 'summarise the open peers'
KEY Return
PASS chat: a prompt CLICK + Return -> turn/start
PASS chat: the seat went back (release next=internal) BEFORE the one turn/start — release@[57] turn/start@[60]
CLICK b3_strip_tap r=[359, 516, 660, 32] at (689,532)
PASS pane: reopened, the console offers Acquire seat again (handed back)
== 6. the seat panel: the acquire's pending work + the live turn
CLICK b3_fleet_console_acquire r=[520, 635, 111, 4] at (576,637)
PASS acquire: Acquire seat CLICK during the live turn -> the seat panel 'Peer control'
CLICK b3_fleet_seat_cmd_2 r=[616, 609, 66, 30] at (649,624)
PASS seat: Steer CLICK -> ONE peer/control on the pending work + the live turn -> Worker + 'Newly applied' — worker='lint-sweep' dup='Newly applied' [replay-serve] -> peer/control (fleet sim) operation_id=30a66b94-dd97-4c9b-9cd1-560eec71d859 target_operation_id=synthetic-pending-op expected_turn_id=01a0fb9a-24e4-76e7-ad95-b308a1439f9b command=steer
PASS seat: pane numeric checks — frame=560x563 centre_dx=0.0 margins L=20 R=20 labels=28 outside=0 overlaps=0 controls=5 under28=0
SHOT 04-seat-desktop
== 7. another app takes the lease: the seat is dropped, the label stays
PASS expired: the next renew is refused driver_fence_stale -> 'Your control of this session expired' — [replay-serve] -> session/driver/renew REFUSED "driver_fence_stale" (fleet sim) operation_id=
PASS expired: dropped without a frame; no seat panel; Acquire seat offered
PASS expired: the re-walk names the new holder — 'Another app is using this session' + Resume chat — 'Another app is using this session'
PASS expired: never retried with the dead fence (no renew after the refusal) — renews 8 -> 8
PASS expired: pane numeric checks — frame=560x563 centre_dx=0.0 margins L=20 R=20 labels=20 outside=0 overlaps=0 controls=3 under28=0
SHOT 05-expired-desktop
CLICK b3_close r=[781, 118, 28, 28] at (795,132)
PASS pane: the close CLICK
== 24/24 checks passed
