[octoscode] perf: event 26.8 ms @26.8 lookups=+282 misses=+237 walked=+184428 inval=+30 unstored=+0 b1_compose=+0 b1_mount=+0
[ui-hang] 269 ms · phase=Startup detail=0 · samples=14 · ticks=14/expected=17 · top frames: 3x Startup: __open+0x8 (libsystem_kernel.dylib) ← std::sys::fs::unix::File::open_c+0x10c (octoscode) ← std::fs::write::inner+0xcc (octoscode) ← std::sync::once::Once::call_once_force::_$u7b$$u7b$closure$u7d$$u7d$+0x518 (octoscode) ← std::sys::sync::once::queue::Once::call+0x100 (octoscode) ← std::sync::once
[octoscode] perf: Signal 22.6 ms @130.2 lookups=+267 misses=+227 walked=+176619 inval=+28 unstored=+0 b1_compose=+0 b1_mount=+0
[octoscode] perf: Actions 5.6 ms @136.1 lookups=+316 misses=+52 walked=+40456 inval=+0 unstored=+0 b1_compose=+0 b1_mount=+0
[octoscode] perf: Draw 7.8 ms @148.2 lookups=+34 misses=+29 walked=+7508 inval=+44 unstored=+0 b1_compose=+0 b1_mount=+0
[octoscode] perf: Actions 33.7 ms @182.2 lookups=+336 misses=+287 walked=+233310 inval=+56 unstored=+0 b1_compose=+0 b1_mount=+0
[ui-hang] 123 ms · phase=Signal detail=0 · samples=4 · ticks=4/expected=6 · top frames: 1x Signal: hashbrown::raw::RawTable<T,A>::reserve_rehash+0xfc (octoscode) ← hashbrown::map::HashMap<K,V,S,A>::insert+0x168 (octoscode) ← makepad_widgets::widget_tree::WidgetTree::collect_within_graph_with_skip+0x258 (octoscode) ← makepad_widgets::widget_tree::WidgetTree::find_all_within_cached_graph+0x3d4 (octo
[octoscode] perf: Actions 5.1 ms @194.5 lookups=+318 misses=+45 walked=+36810 inval=+0 unstored=+0 b1_compose=+0 b1_mount=+0
[octoscode] perf: Draw 1.0 ms @195.8 lookups=+29 misses=+2 walked=+1636 inval=+0 unstored=+0 b1_compose=+0 b1_mount=+0
[octoscode] perf: Signal 23.3 ms @230.6 lookups=+269 misses=+214 walked=+175052 inval=+28 unstored=+0 b1_compose=+0 b1_mount=+0
[octoscode] perf: Draw 0.9 ms @232.0 lookups=+29 misses=+4 walked=+3272 inval=+0 unstored=+0 b1_compose=+0 b1_mount=+0
[octoscode] perf: Signal 2.2 ms @241.6 lookups=+269 misses=+13 walked=+10634 inval=+0 unstored=+0 b1_compose=+0 b1_mount=+0
[octoscode] perf: Actions 27.9 ms @2609.2 lookups=+318 misses=+267 walked=+218406 inval=+0 unstored=+0 b1_compose=+0 b1_mount=+0
[octoscode] board1 action: b1.open.add
[octoscode] perf: workspace_list answered in 0.4 ms (46 entries)
[octoscode] board1 remounted (9236 bytes)
[octoscode] perf: Actions 1.3 ms @2611.0 lookups=+513 misses=+2 walked=+4 inval=+52 unstored=+0 b1_compose=+1 b1_mount=+1
[octoscode] perf: Draw 0.9 ms @2612.0 lookups=+29 misses=+24 walked=+3718 inval=+0 unstored=+0 b1_compose=+0 b1_mount=+0
[octoscode] board1 remounted (84653 bytes)
[octoscode] perf: Signal 25.9 ms @2647.6 lookups=+265 misses=+229 walked=+185742 inval=+547 unstored=+0 b1_compose=+1 b1_mount=+1
[octoscode] perf: Draw 2.4 ms @2651.2 lookups=+29 misses=+27 walked=+6172 inval=+0 unstored=+0 b1_compose=+0 b1_mount=+0
[octoscode] perf: Signal 21.9 ms @2675.1 lookups=+265 misses=+225 walked=+182964 inval=+0 unstored=+0 b1_compose=+0 b1_mount=+0
[octoscode] perf: Actions 4.8 ms @3095.7 lookups=+314 misses=+41 walked=+33538 inval=+0 unstored=+0 b1_compose=+0 b1_mount=+0
[octoscode] board1 action: browser.enter.2
[octoscode] board1 remounted (84725 bytes)
[octoscode] perf: Actions 4.6 ms @3100.8 lookups=+314 misses=+0 walked=+0 inval=+549 unstored=+0 b1_compose=+1 b1_mount=+1
[octoscode] perf: Draw 1.0 ms @3101.8 lookups=+29 misses=+0 walked=+0 inval=+0 unstored=+0 b1_compose=+0 b1_mount=+0
[octoscode] perf: Signal 24.6 ms @3135.0 lookups=+265 misses=+229 walked=+186238 inval=+0 unstored=+0 b1_compose=+0 b1_mount=+0
[octoscode] perf: Actions 5.4 ms @3417.2 lookups=+314 misses=+41 walked=+33538 inval=+0 unstored=+0 b1_compose=+0 b1_mount=+0
[octoscode] board1 action: browser.enter.2
[octoscode] perf: workspace_list answered in 0.3 ms (5 entries)
[octoscode] board1 remounted (24519 bytes)
[octoscode] perf: Actions 2.1 ms @3419.7 lookups=+314 misses=+0 walked=+0 inval=+129 unstored=+0 b1_compose=+1 b1_mount=+1
[octoscode] perf: Draw 1.0 ms @3420.9 lookups=+29 misses=+24 walked=+3718 inval=+0 unstored=+0 b1_compose=+0 b1_mount=+0
[octoscode] perf: Signal 25.9 ms @3456.1 lookups=+265 misses=+229 walked=+185818 inval=+0 unstored=+0 b1_compose=+0 b1_mount=+0
[octoscode] perf: Actions 4.0 ms @3818.7 lookups=+314 misses=+41 walked=+33538 inval=+0 unstored=+0 b1_compose=+0 b1_mount=+0
[octoscode] board1 action: browser.crumb.3
[octoscode] perf: workspace_list answered in 0.4 ms (46 entries)
[octoscode] perf: Actions 0.5 ms @3819.6 lookups=+314 misses=+0 walked=+0 inval=+0 unstored=+0 b1_compose=+1 b1_mount=+0
[octoscode] board1 remounted (84653 bytes)
[octoscode] perf: Signal 4.4 ms @3834.0 lookups=+265 misses=+0 walked=+0 inval=+547 unstored=+0 b1_compose=+1 b1_mount=+1
[octoscode] perf: Draw 1.5 ms @3836.6 lookups=+29 misses=+27 walked=+6172 inval=+0 unstored=+0 b1_compose=+0 b1_mount=+0
[octoscode] perf: Signal 22.6 ms @3869.4 lookups=+265 misses=+225 walked=+182964 inval=+0 unstored=+0 b1_compose=+0 b1_mount=+0
[octoscode] perf: Actions 4.5 ms @4150.3 lookups=+314 misses=+41 walked=+33538 inval=+0 unstored=+0 b1_compose=+0 b1_mount=+0
[octoscode] perf: Draw 0.5 ms @4151.2 lookups=+29 misses=+0 walked=+0 inval=+0 unstored=+0 b1_compose=+0 b1_mount=+0
[octoscode] perf: Actions 0.5 ms @4563.3 lookups=+314 misses=+0 walked=+0 inval=+0 unstored=+0 b1_compose=+0 b1_mount=+0
[octoscode] perf: Draw 0.6 ms @4563.9 lookups=+29 misses=+0 walked=+0 inval=+0 unstored=+0 b1_compose=+0 b1_mount=+0
[octoscode] perf: Actions 0.5 ms @4778.3 lookups=+314 misses=+0 walked=+0 inval=+0 unstored=+0 b1_compose=+0 b1_mount=+0
[octoscode] perf: Draw 0.8 ms @4779.1 lookups=+29 misses=+0 walked=+0 inval=+0 unstored=+0 b1_compose=+0 b1_mount=+0
[octoscode] perf: Actions 0.4 ms @4780.7 lookups=+314 misses=+0 walked=+0 inval=+0 unstored=+0 b1_compose=+0 b1_mount=+0
[octoscode] perf: Draw 0.5 ms @4781.2 lookups=+29 misses=+0 walked=+0 inval=+0 unstored=+0 b1_compose=+0 b1_mount=+0
[octoscode] perf: Actions 0.4 ms @4783.0 lookups=+314 misses=+0 walked=+0 inval=+0 unstored=+0 b1_compose=+0 b1_mount=+0
[octoscode] perf: Draw 0.5 ms @4783.5 lookups=+29 misses=+0 walked=+0 inval=+0 unstored=+0 b1_compose=+0 b1_mount=+0
[octoscode] perf: Actions 0.3 ms @4784.2 lookups=+314 misses=+0 walked=+0 inval=+0 unstored=+0 b1_compose=+0 b1_mount=+0
[octoscode] perf: Draw 0.4 ms @4784.7 lookups=+29 misses=+0 walked=+0 inval=+0 unstored=+0 b1_compose=+0 b1_mount=+0
[octoscode] perf: Actions 0.4 ms @4786.3 lookups=+314 misses=+0 walked=+0 inval=+0 unstored=+0 b1_compose=+0 b1_mount=+0
[octoscode] perf: Draw 0.4 ms @4786.7 lookups=+29 misses=+0 walked=+0 inval=+0 unstored=+0 b1_compose=+0 b1_mount=+0
[octoscode] perf: Actions 0.5 ms @4787.8 lookups=+314 misses=+0 walked=+0 inval=+0 unstored=+0 b1_compose=+0 b1_mount=+0
[octoscode] perf: Draw 0.4 ms @4788.3 lookups=+29 misses=+0 walked=+0 inval=+0 unstored=+0 b1_compose=+0 b1_mount=+0
[octoscode] perf: Actions 0.4 ms @4789.7 lookups=+314 misses=+0 walked=+0 inval=+0 unstored=+0 b1_compose=+0 b1_mount=+0
[octoscode] perf: Draw 0.4 ms @4790.2 lookups=+29 misses=+0 walked=+0 inval=+0 unstored=+0 b1_compose=+0 b1_mount=+0
[octoscode] perf: Actions 0.4 ms @4791.1 lookups=+314 misses=+0 walked=+0 inval=+0 unstored=+0 b1_compose=+0 b1_mount=+0
[octoscode] perf: Draw 0.4 ms @4791.5 lookups=+29 misses=+0 walked=+0 inval=+0 unstored=+0 b1_compose=+0 b1_mount=+0
[octoscode] perf: Actions 0.3 ms @4792.3 lookups=+314 misses=+0 walked=+0 inval=+0 unstored=+0 b1_compose=+0 b1_mount=+0
[octoscode] perf: Draw 0.4 ms @4792.7 lookups=+29 misses=+0 walked=+0 inval=+0 unstored=+0 b1_compose=+0 b1_mount=+0
[octoscode] board1 action: browser.go
[octoscode] perf: workspace_list answered in 0.3 ms (5 entries)
[octoscode] board1 remounted (24524 bytes)
[octoscode] perf: Actions 1.9 ms @5097.6 lookups=+314 misses=+0 walked=+0 inval=+129 unstored=+0 b1_compose=+1 b1_mount=+1
[octoscode] perf: Draw 0.5 ms @5098.1 lookups=+29 misses=+0 walked=+0 inval=+0 unstored=+0 b1_compose=+0 b1_mount=+0
[octoscode] perf: Signal 22.2 ms @5131.1 lookups=+265 misses=+229 walked=+185818 inval=+0 unstored=+0 b1_compose=+0 b1_mount=+0
[octoscode] perf: Actions 4.6 ms @5415.9 lookups=+314 misses=+41 walked=+33538 inval=+0 unstored=+0 b1_compose=+0 b1_mount=+0
[octoscode] board1 action: browser.enter.2
[octoscode] board1 remounted (24597 bytes)
[octoscode] perf: Actions 1.8 ms @5418.1 lookups=+314 misses=+0 walked=+0 inval=+131 unstored=+0 b1_compose=+1 b1_mount=+1
[octoscode] perf: Draw 0.7 ms @5418.9 lookups=+29 misses=+24 walked=+3718 inval=+0 unstored=+0 b1_compose=+0 b1_mount=+0
[octoscode] perf: Signal 22.0 ms @5450.8 lookups=+265 misses=+229 walked=+185820 inval=+0 unstored=+0 b1_compose=+0 b1_mount=+0
[octoscode] perf: Actions 5.6 ms @5735.9 lookups=+314 misses=+41 walked=+33538 inval=+0 unstored=+0 b1_compose=+0 b1_mount=+0
[octoscode] board1 action: browser.enter.2
[octoscode] perf: Actions 0.5 ms @5736.8 lookups=+314 misses=+0 walked=+0 inval=+0 unstored=+0 b1_compose=+1 b1_mount=+0
[octoscode] perf: workspace_list answered in 0.8 ms (150 entries)
[octoscode] board1 remounted (87167 bytes)
[octoscode] perf: Signal 5.0 ms @5751.4 lookups=+265 misses=+0 walked=+0 inval=+555 unstored=+0 b1_compose=+1 b1_mount=+1
[octoscode] perf: Draw 2.1 ms @5754.7 lookups=+29 misses=+27 walked=+6172 inval=+0 unstored=+0 b1_compose=+0 b1_mount=+0
[octoscode] perf: Signal 22.7 ms @5785.5 lookups=+265 misses=+225 walked=+182972 inval=+0 unstored=+0 b1_compose=+0 b1_mount=+0
[octoscode] perf: Draw 0.8 ms @6073.6 lookups=+29 misses=+0 walked=+0 inval=+0 unstored=+0 b1_compose=+0 b1_mount=+0
[octoscode] perf: Draw 0.8 ms @6076.1 lookups=+29 misses=+0 walked=+0 inval=+0 unstored=+0 b1_compose=+0 b1_mount=+0
[octoscode] perf: Draw 0.7 ms @6078.7 lookups=+29 misses=+0 walked=+0 inval=+0 unstored=+0 b1_compose=+0 b1_mount=+0
[octoscode] perf: Draw 0.5 ms @6081.1 lookups=+29 misses=+0 walked=+0 inval=+0 unstored=+0 b1_compose=+0 b1_mount=+0
[octoscode] perf: Draw 0.7 ms @6082.6 lookups=+29 misses=+0 walked=+0 inval=+0 unstored=+0 b1_compose=+0 b1_mount=+0
[octoscode] perf: Draw 0.5 ms @6084.4 lookups=+29 misses=+0 walked=+0 inval=+0 unstored=+0 b1_compose=+0 b1_mount=+0
[octoscode] perf: Draw 0.5 ms @6085.1 lookups=+29 misses=+0 walked=+0 inval=+0 unstored=+0 b1_compose=+0 b1_mount=+0
[octoscode] perf: Draw 0.5 ms @6092.5 lookups=+29 misses=+0 walked=+0 inval=+0 unstored=+0 b1_compose=+0 b1_mount=+0
[octoscode] perf: Actions 4.4 ms @6482.4 lookups=+314 misses=+41 walked=+33538 inval=+0 unstored=+0 b1_compose=+0 b1_mount=+0
[octoscode] perf: Draw 0.6 ms @6483.5 lookups=+29 misses=+0 walked=+0 inval=+0 unstored=+0 b1_compose=+0 b1_mount=+0
[octoscode] perf: Draw 0.5 ms @6795.6 lookups=+29 misses=+0 walked=+0 inval=+0 unstored=+0 b1_compose=+0 b1_mount=+0
[octoscode] perf: Actions 0.5 ms @6798.1 lookups=+314 misses=+0 walked=+0 inval=+0 unstored=+0 b1_compose=+0 b1_mount=+0
[octoscode] perf: Draw 0.5 ms @6798.7 lookups=+29 misses=+0 walked=+0 inval=+0 unstored=+0 b1_compose=+0 b1_mount=+0
[octoscode] perf: Draw 0.6 ms @6989.6 lookups=+29 misses=+0 walked=+0 inval=+0 unstored=+0 b1_compose=+0 b1_mount=+0
[octoscode] board1 action: browser.go
[octoscode] perf: workspace_list answered in 1.9 ms (500 entries)
[octoscode] board1 remounted (87171 bytes)
[octoscode] perf: Actions 4.2 ms @7115.6 lookups=+314 misses=+0 walked=+0 inval=+555 unstored=+0 b1_compose=+1 b1_mount=+1
[octoscode] perf: Draw 0.8 ms @7116.5 lookups=+29 misses=+0 walked=+0 inval=+0 unstored=+0 b1_compose=+0 b1_mount=+0
[octoscode] board1 remounted (87175 bytes)
[octoscode] perf: Signal 4.6 ms @7121.8 lookups=+265 misses=+2 walked=+558 inval=+555 unstored=+0 b1_compose=+1 b1_mount=+1
[octoscode] perf: Draw 1.2 ms @7123.1 lookups=+29 misses=+0 walked=+0 inval=+0 unstored=+0 b1_compose=+0 b1_mount=+0
[octoscode] perf: Signal 23.6 ms @7154.4 lookups=+265 misses=+229 walked=+186244 inval=+0 unstored=+0 b1_compose=+0 b1_mount=+0
[octoscode] perf: Actions 4.5 ms @7530.7 lookups=+314 misses=+41 walked=+33538 inval=+0 unstored=+0 b1_compose=+0 b1_mount=+0
[octoscode] perf: Draw 0.9 ms @7532.0 lookups=+29 misses=+24 walked=+3718 inval=+0 unstored=+0 b1_compose=+0 b1_mount=+0
[octoscode] perf: Draw 0.8 ms @7843.9 lookups=+29 misses=+0 walked=+0 inval=+0 unstored=+0 b1_compose=+0 b1_mount=+0
[octoscode] perf: Actions 0.5 ms @7849.2 lookups=+314 misses=+0 walked=+0 inval=+0 unstored=+0 b1_compose=+0 b1_mount=+0
[octoscode] perf: Draw 0.6 ms @7849.8 lookups=+29 misses=+0 walked=+0 inval=+0 unstored=+0 b1_compose=+0 b1_mount=+0
[octoscode] perf: Draw 0.6 ms @8038.0 lookups=+29 misses=+0 walked=+0 inval=+0 unstored=+0 b1_compose=+0 b1_mount=+0
[octoscode] board1 action: browser.go
[octoscode] perf: workspace_list answered in 0.2 ms (refused)
[octoscode] board1 remounted (11308 bytes)
[octoscode] perf: Actions 1.3 ms @8163.3 lookups=+314 misses=+0 walked=+0 inval=+67 unstored=+0 b1_compose=+1 b1_mount=+1
[octoscode] perf: Draw 0.6 ms @8164.0 lookups=+29 misses=+0 walked=+0 inval=+0 unstored=+0 b1_compose=+0 b1_mount=+0
[octoscode] perf: Signal 21.4 ms @8192.7 lookups=+265 misses=+229 walked=+185756 inval=+0 unstored=+0 b1_compose=+0 b1_mount=+0
[octoscode] perf: Actions 4.6 ms @8570.3 lookups=+314 misses=+41 walked=+33538 inval=+0 unstored=+0 b1_compose=+0 b1_mount=+0
[octoscode] board1 action: browser.back
[octoscode] board1 remounted (87175 bytes)
[octoscode] perf: Actions 4.4 ms @8575.2 lookups=+314 misses=+0 walked=+0 inval=+555 unstored=+0 b1_compose=+1 b1_mount=+1
[octoscode] perf: Draw 1.2 ms @8576.4 lookups=+29 misses=+24 walked=+3718 inval=+0 unstored=+0 b1_compose=+0 b1_mount=+0
[octoscode] perf: Signal 22.3 ms @8608.2 lookups=+265 misses=+229 walked=+186244 inval=+0 unstored=+0 b1_compose=+0 b1_mount=+0
[octoscode] perf: Actions 4.0 ms @8886.0 lookups=+314 misses=+41 walked=+33538 inval=+0 unstored=+0 b1_compose=+0 b1_mount=+0
[octoscode] board1 action: browser.close
[octoscode] board1 remounted (10504 bytes)
[octoscode] perf: Actions 1.1 ms @8887.5 lookups=+314 misses=+0 walked=+0 inval=+65 unstored=+0 b1_compose=+1 b1_mount=+1
[octoscode] perf: Draw 1.0 ms @8888.6 lookups=+29 misses=+24 walked=+3718 inval=+0 unstored=+0 b1_compose=+0 b1_mount=+0
[octoscode] perf: Signal 21.8 ms @8918.3 lookups=+265 misses=+229 walked=+185754 inval=+0 unstored=+0 b1_compose=+0 b1_mount=+0
[octoscode] perf: Actions 4.7 ms @9208.3 lookups=+314 misses=+41 walked=+33538 inval=+0 unstored=+0 b1_compose=+0 b1_mount=+0
[octoscode] board1 action: picker.browse
[octoscode] perf: workspace_list answered in 0.5 ms (46 entries)
[octoscode] board1 remounted (13713 bytes)
[octoscode] perf: Actions 1.5 ms @9210.2 lookups=+314 misses=+0 walked=+0 inval=+65 unstored=+0 b1_compose=+1 b1_mount=+1
[octoscode] perf: Draw 0.9 ms @9211.2 lookups=+29 misses=+24 walked=+3718 inval=+0 unstored=+0 b1_compose=+0 b1_mount=+0
[octoscode] board1 remounted (84653 bytes)
[octoscode] perf: Signal 29.1 ms @9250.6 lookups=+265 misses=+229 walked=+185754 inval=+547 unstored=+0 b1_compose=+1 b1_mount=+1
[octoscode] perf: Draw 1.8 ms @9253.8 lookups=+29 misses=+27 walked=+6172 inval=+0 unstored=+0 b1_compose=+0 b1_mount=+0
[octoscode] perf: Signal 22.7 ms @9283.4 lookups=+265 misses=+225 walked=+182964 inval=+0 unstored=+0 b1_compose=+0 b1_mount=+0
[octoscode] perf: Actions 4.6 ms @9564.1 lookups=+314 misses=+41 walked=+33538 inval=+0 unstored=+0 b1_compose=+0 b1_mount=+0
[octoscode] board1 action: browser.enter.0
[octoscode] board1 remounted (84729 bytes)
[octoscode] perf: Actions 4.3 ms @9568.9 lookups=+314 misses=+0 walked=+0 inval=+549 unstored=+0 b1_compose=+1 b1_mount=+1
[octoscode] perf: Draw 0.9 ms @9569.9 lookups=+29 misses=+0 walked=+0 inval=+0 unstored=+0 b1_compose=+0 b1_mount=+0
[octoscode] perf: Actions 0.5 ms @10181.5 lookups=+314 misses=+0 walked=+0 inval=+0 unstored=+0 b1_compose=+0 b1_mount=+0
[octoscode] board1 action: browser.enter.2
[octoscode] board1 remounted (84725 bytes)
[octoscode] perf: Actions 4.4 ms @10186.0 lookups=+314 misses=+0 walked=+0 inval=+549 unstored=+0 b1_compose=+1 b1_mount=+1
[octoscode] perf: Draw 0.8 ms @10186.9 lookups=+29 misses=+0 walked=+0 inval=+0 unstored=+0 b1_compose=+0 b1_mount=+0
[octoscode] perf: Actions 0.6 ms @10994.3 lookups=+314 misses=+0 walked=+0 inval=+0 unstored=+0 b1_compose=+0 b1_mount=+0
[octoscode] board1 action: browser.enter.2
[octoscode] perf: workspace_list answered in 0.3 ms (5 entries)
[octoscode] board1 remounted (24519 bytes)
[octoscode] perf: Actions 2.2 ms @10996.7 lookups=+314 misses=+0 walked=+0 inval=+129 unstored=+0 b1_compose=+1 b1_mount=+1
[octoscode] perf: Draw 0.5 ms @10997.3 lookups=+29 misses=+0 walked=+0 inval=+0 unstored=+0 b1_compose=+0 b1_mount=+0
[octoscode] perf: Actions 0.4 ms @11807.0 lookups=+314 misses=+0 walked=+0 inval=+0 unstored=+0 b1_compose=+0 b1_mount=+0
[octoscode] board1 action: browser.crumb.3
[octoscode] perf: workspace_list answered in 0.4 ms (46 entries)
[octoscode] perf: Actions 0.5 ms @11807.6 lookups=+314 misses=+0 walked=+0 inval=+0 unstored=+0 b1_compose=+1 b1_mount=+0
[octoscode] board1 remounted (84653 bytes)
[octoscode] perf: Signal 4.2 ms @11821.3 lookups=+265 misses=+0 walked=+0 inval=+547 unstored=+0 b1_compose=+1 b1_mount=+1
[octoscode] perf: Draw 0.9 ms @11822.4 lookups=+29 misses=+0 walked=+0 inval=+0 unstored=+0 b1_compose=+0 b1_mount=+0
[octoscode] perf: Actions 0.5 ms @12616.4 lookups=+314 misses=+0 walked=+0 inval=+0 unstored=+0 b1_compose=+0 b1_mount=+0
[octoscode] perf: Draw 0.6 ms @12617.1 lookups=+29 misses=+0 walked=+0 inval=+0 unstored=+0 b1_compose=+0 b1_mount=+0
[octoscode] perf: Draw 0.6 ms @12919.4 lookups=+29 misses=+0 walked=+0 inval=+0 unstored=+0 b1_compose=+0 b1_mount=+0
[octoscode] perf: Actions 0.6 ms @12924.1 lookups=+314 misses=+0 walked=+0 inval=+0 unstored=+0 b1_compose=+0 b1_mount=+0
[octoscode] perf: Draw 0.6 ms @12924.8 lookups=+29 misses=+0 walked=+0 inval=+0 unstored=+0 b1_compose=+0 b1_mount=+0
[octoscode] perf: Draw 0.6 ms @13121.4 lookups=+29 misses=+0 walked=+0 inval=+0 unstored=+0 b1_compose=+0 b1_mount=+0
[octoscode] board1 action: browser.go
[octoscode] perf: workspace_list answered in 2.1 ms (500 entries)
[octoscode] board1 remounted (84675 bytes)
[octoscode] perf: Actions 4.9 ms @13340.8 lookups=+314 misses=+0 walked=+0 inval=+547 unstored=+0 b1_compose=+1 b1_mount=+1
[octoscode] perf: Draw 1.1 ms @13342.0 lookups=+29 misses=+0 walked=+0 inval=+0 unstored=+0 b1_compose=+0 b1_mount=+0
[octoscode] board1 remounted (87175 bytes)
[octoscode] perf: Signal 4.5 ms @13347.4 lookups=+265 misses=+2 walked=+550 inval=+555 unstored=+0 b1_compose=+1 b1_mount=+1
[octoscode] perf: Draw 0.8 ms @13348.4 lookups=+29 misses=+0 walked=+0 inval=+0 unstored=+0 b1_compose=+0 b1_mount=+0
[octoscode] perf: Actions 0.5 ms @14153.8 lookups=+314 misses=+0 walked=+0 inval=+0 unstored=+0 b1_compose=+0 b1_mount=+0
[octoscode] perf: Draw 0.6 ms @14154.5 lookups=+29 misses=+0 walked=+0 inval=+0 unstored=+0 b1_compose=+0 b1_mount=+0
[octoscode] perf: Draw 0.5 ms @14464.7 lookups=+29 misses=+0 walked=+0 inval=+0 unstored=+0 b1_compose=+0 b1_mount=+0
[octoscode] perf: Actions 0.5 ms @14467.3 lookups=+314 misses=+0 walked=+0 inval=+0 unstored=+0 b1_compose=+0 b1_mount=+0
[octoscode] perf: Draw 0.5 ms @14467.8 lookups=+29 misses=+0 walked=+0 inval=+0 unstored=+0 b1_compose=+0 b1_mount=+0
[octoscode] board1 action: browser.go
[octoscode] perf: workspace_list answered in 0.4 ms (46 entries)
[octoscode] board1 remounted (84653 bytes)
[octoscode] perf: Actions 4.4 ms @14473.1 lookups=+314 misses=+0 walked=+0 inval=+547 unstored=+0 b1_compose=+1 b1_mount=+1
[octoscode] perf: Draw 0.9 ms @14474.0 lookups=+29 misses=+0 walked=+0 inval=+0 unstored=+0 b1_compose=+0 b1_mount=+0
[octoscode] board1 action: browser.close
[octoscode] board1 remounted (10504 bytes)
[octoscode] perf: KeyDown 1.3 ms @15087.4 lookups=+265 misses=+0 walked=+0 inval=+65 unstored=+0 b1_compose=+1 b1_mount=+1
[octoscode] perf: Draw 0.3 ms @15087.7 lookups=+29 misses=+0 walked=+0 inval=+0 unstored=+0 b1_compose=+0 b1_mount=+0
[octoscode] board1 action: picker.close
[octoscode] perf: Draw 0.3 ms @15496.3 lookups=+29 misses=+0 walked=+0 inval=+0 unstored=+0 b1_compose=+0 b1_mount=+0
[octoscode] perf: Actions 0.5 ms @15904.3 lookups=+318 misses=+0 walked=+0 inval=+0 unstored=+0 b1_compose=+0 b1_mount=+0
[octoscode] board1 action: b1.open.add
[octoscode] perf: workspace_list answered in 0.4 ms (46 entries)
[octoscode] board1 remounted (84653 bytes)
[octoscode] perf: Actions 4.4 ms @15908.8 lookups=+513 misses=+0 walked=+0 inval=+547 unstored=+0 b1_compose=+1 b1_mount=+1
[octoscode] perf: Draw 0.8 ms @15909.7 lookups=+29 misses=+0 walked=+0 inval=+0 unstored=+0 b1_compose=+0 b1_mount=+0
