== tasks: /ps palette CLICK
CLICK composer r=[28, 743, 304, 29]
TYPE '/'
TYPE 'ps'
CLICK palette_row_name '/ps' r=[30, 260, 33, 28]
PASS tasks: the /ps palette row CLICK opens the dialog
PASS tasks [seeded]: no label outside the frame, none overlapping, every hit >= 28 — frame=328x325 centre_dx=0.0 margins L=16 R=16 labels=12 outside=0 overlaps=0 controls=2 under28=0 title_h=21 close=[28, 28] min_hit=28 max_pill_h=32
PASS tasks [seeded]: the phone card (328 wide, centred) — w=328 centre_dx=0.0
PASS tasks [seeded]: the board-3 header (21 px title line, 28 px close) — title_h=21 close=[28, 28]
PASS tasks [seeded]: compact pills (<= 36 px) — max_pill_h=32
SHOT tasks-seeded-phone
PASS tasks: the caret follows the last output line — caret=[174, 479, 7, 14] last=[58, 479, 115, 14]
CLICK dialog_close r=[300, 319, 28, 28] at (314,333)
== skills: /skills palette CLICK
CLICK composer r=[28, 743, 304, 29]
TYPE '/'
TYPE 'ski'
CLICK palette_row_name '/skills' r=[30, 260, 54, 28]
PASS skills: the /skills palette row CLICK opens the dialog
PASS skills [seeded]: no label outside the frame, none overlapping, every hit >= 28 — frame=328x746 centre_dx=0.0 margins L=16 R=16 labels=22 outside=0 overlaps=0 controls=6 under28=0 title_h=21 close=[28, 28] min_hit=28 max_pill_h=32
PASS skills [seeded]: the phone card (328 wide, centred) — w=328 centre_dx=0.0
PASS skills [seeded]: the board-3 header (21 px title line, 28 px close) — title_h=21 close=[28, 28]
PASS skills [seeded]: compact pills (<= 36 px) — max_pill_h=32
SHOT skills-seeded-phone
CLICK dialog_close r=[300, 109, 28, 28] at (314,123)
== goal: /goal palette CLICK
CLICK composer r=[28, 743, 304, 29]
TYPE '/'
TYPE 'goa'
CLICK palette_row_name '/goal' r=[30, 260, 46, 28]
PASS goal: the /goal palette row CLICK opens the dialog
PASS goal [seeded]: no label outside the frame, none overlapping, every hit >= 28 — frame=328x284 centre_dx=0.0 margins L=16 R=16 labels=11 outside=0 overlaps=0 controls=4 under28=0 title_h=21 close=[28, 28] min_hit=28 max_pill_h=32
PASS goal [seeded]: the phone card (328 wide, centred) — w=328 centre_dx=0.0
PASS goal [seeded]: the board-3 header (21 px title line, 28 px close) — title_h=21 close=[28, 28]
PASS goal [seeded]: compact pills (<= 36 px) — max_pill_h=32
SHOT goal-seeded-phone
CLICK dialog_close r=[300, 340, 28, 28] at (314,354)
== loops: /loop palette CLICK
CLICK composer r=[28, 743, 304, 29]
TYPE '/'
TYPE 'loo'
CLICK palette_row_name '/loop' r=[30, 260, 48, 28]
PASS loops: the /loop palette row CLICK opens the dialog
PASS loops [seeded]: no label outside the frame, none overlapping, every hit >= 28 — frame=328x293 centre_dx=0.0 margins L=16 R=16 labels=9 outside=0 overlaps=0 controls=9 under28=0 title_h=21 close=[28, 28] min_hit=28 max_pill_h=32
PASS loops [seeded]: the phone card (328 wide, centred) — w=328 centre_dx=0.0
PASS loops [seeded]: the board-3 header (21 px title line, 28 px close) — title_h=21 close=[28, 28]
PASS loops [seeded]: compact pills (<= 36 px) — max_pill_h=32
SHOT loops-seeded-phone
CLICK dialog_close r=[300, 336, 28, 28] at (314,350)
== monitors: /monitor palette CLICK
CLICK composer r=[28, 743, 304, 29]
TYPE '/'
TYPE 'moni'
CLICK palette_row_name '/monitor' r=[30, 260, 76, 28]
PASS monitors: the /monitor palette row CLICK opens the dialog
PASS monitors [seeded]: no label outside the frame, none overlapping, every hit >= 28 — frame=328x258 centre_dx=0.0 margins L=16 R=16 labels=10 outside=0 overlaps=0 controls=5 under28=0 title_h=21 close=[28, 28] min_hit=28 max_pill_h=32
PASS monitors [seeded]: the phone card (328 wide, centred) — w=328 centre_dx=0.0
PASS monitors [seeded]: the board-3 header (21 px title line, 28 px close) — title_h=21 close=[28, 28]
PASS monitors [seeded]: compact pills (<= 36 px) — max_pill_h=32
SHOT monitors-seeded-phone
CLICK dialog_close r=[300, 353, 28, 28] at (314,367)
== models: /model palette CLICK
CLICK composer r=[28, 743, 304, 29]
TYPE '/'
TYPE 'mo'
CLICK palette_row_name '/model' r=[30, 260, 63, 28]
PASS models: the /model palette row CLICK opens the dialog
PASS models [seeded]: no label outside the frame, none overlapping, every hit >= 28 — frame=328x487 centre_dx=0.0 margins L=16 R=16 labels=13 outside=0 overlaps=0 controls=3 under28=0 title_h=21 close=[28, 28] min_hit=28 max_pill_h=32
PASS models [seeded]: the phone card (328 wide, centred) — w=328 centre_dx=0.0
PASS models [seeded]: the board-3 header (21 px title line, 28 px close) — title_h=21 close=[28, 28]
PASS models [seeded]: compact pills (<= 36 px) — max_pill_h=32
SHOT models-seeded-phone
CLICK dialog_close r=[300, 239, 28, 28] at (314,253)
== review: /review palette CLICK
CLICK composer r=[28, 743, 304, 29]
TYPE '/'
TYPE 'revi'
CLICK palette_row_name '/review' r=[30, 260, 66, 28]
PASS review: the /review palette row CLICK opens the dialog
PASS review [seeded]: no label outside the frame, none overlapping, every hit >= 28 — frame=328x457 centre_dx=0.0 margins L=16 R=16 labels=7 outside=0 overlaps=0 controls=1 under28=0 title_h=21 close=[28, 28] min_hit=28 max_pill_h=32
PASS review [seeded]: the phone card (328 wide, centred) — w=328 centre_dx=0.0
PASS review [seeded]: the board-3 header (21 px title line, 28 px close) — title_h=21 close=[28, 28]
PASS review [seeded]: compact pills (<= 36 px) — max_pill_h=32
SHOT review-seeded-phone
CLICK dialog_close r=[300, 254, 28, 28] at (314,268)
== context: /compact palette CLICK
CLICK composer r=[28, 743, 304, 29]
TYPE '/'
TYPE 'compa'
CLICK palette_row_name '/compact' r=[30, 260, 82, 28]
PASS context: the /compact palette row CLICK opens the dialog
PASS context [seeded]: no label outside the frame, none overlapping, every hit >= 28 — frame=328x331 centre_dx=0.0 margins L=16 R=16 labels=12 outside=0 overlaps=0 controls=3 under28=0 title_h=21 close=[28, 28] min_hit=28 max_pill_h=32
PASS context [seeded]: the phone card (328 wide, centred) — w=328 centre_dx=0.0
PASS context [seeded]: the board-3 header (21 px title line, 28 px close) — title_h=21 close=[28, 28]
PASS context [seeded]: compact pills (<= 36 px) — max_pill_h=32
SHOT context-seeded-phone
CLICK dialog_close r=[300, 317, 28, 28] at (314,331)
== fleet: /peer palette CLICK
CLICK composer r=[28, 743, 304, 29]
TYPE '/'
TYPE 'pee'
CLICK palette_row_name '/peer' r=[30, 260, 50, 28]
PASS fleet: the /peer palette row CLICK opens the dialog
PASS fleet [seeded]: no label outside the frame, none overlapping, every hit >= 28 — frame=328x279 centre_dx=0.0 margins L=16 R=16 labels=14 outside=0 overlaps=0 controls=4 under28=0 title_h=21 close=[28, 28] min_hit=28 max_pill_h=28
PASS fleet [seeded]: the phone card (328 wide, centred) — w=328 centre_dx=0.0
PASS fleet [seeded]: the board-3 header (21 px title line, 28 px close) — title_h=21 close=[28, 28]
PASS fleet [seeded]: compact pills (<= 36 px) — max_pill_h=28
SHOT fleet-seeded-phone
CLICK dialog_close r=[300, 342, 28, 28] at (314,356)
== 46/46 checks passed
