PASS relaunch: connected
PASS relaunch: the first frame is Chinese — ['聊天', '轨迹', '审查更改', '设置', '需要恢复会话', '模型未报告', '就绪', '权限未报告']
    log: [I] apps/octoscode/module/src/design.rs:163:9 - [octoscode] design root: <PATH>
    log: [I] apps/octoscode/module/src/design.rs:404:9 - [octoscode] font faces resolve under <PATH>
    log: [I] apps/octoscode/module/src/lib.rs:1344:9 - [octoscode] a24 language at launch: zh
    log: [I] apps/octoscode/module/src/screens/discovery.rs:273:17 - [octoscode] discovery: no probe (a credential is at hand)
    log: [I] apps/octoscode/module/src/lib.rs:1588:13 - [octoscode] startup: Explicit("dsflash:main")
    log: [I] apps/octoscode/module/src/lib.rs:3290:17 - [octoscode] composer remounted
    log: [I] apps/octoscode/module/src/flow.rs:1022:9 - [octoscode] history of dsflash:main could not be read: session/hydrate returned an invalid result: missing field `session_id`
    log: [I] apps/octoscode/module/src/lib.rs:4104:43 - [octoscode] board3 PermissionLoad failed: permission/profile/list returned another session
    log: [I] apps/octoscode/module/src/lib.rs:4104:43 - [octoscode] board3 StatusRead failed: status belongs to another Session
    log: [I] apps/octoscode/module/src/lib.rs:3388:38 - [octoscode] chrome: 3 profile reads folded
    log: [I] apps/octoscode/module/src/screens/surfaces/host.rs:221:17 - [octoscode] view: session dsflash:main restored (following)
    log: [I] apps/octoscode/module/src/lib.rs:3719:25 - [octoscode] composer extras: 0 queued, steer=false, recovery=None, peer=None
    log: [I] apps/octoscode/module/src/chrome.rs:2144:13 - [octoscode] a24 shell copy: 47 text(s) set (zh; 87 source(s))
PASS relaunch: adopted at launch (log)
CLICK settings_open_hit r=[960, 87, 68, 30] at (994,102)
CLICK nv_hit r=[161, 417, 164, 40] at (243,437)
PASS relaunch: 简体中文 reads selected — '简体中文'
CLICK lang_en r=[755, 215, 84, 28]
    log: [I] apps/octoscode/module/src/lib.rs:4170:13 - [octoscode] chrome: OpenSettings
    log: [I] apps/octoscode/module/src/lib.rs:1809:13 - [octoscode] settings action: settings.panel.open
    log: [I] apps/octoscode/module/src/lib.rs:4170:13 - [octoscode] chrome: Action("settings.section.preferences", 0)
    log: [I] apps/octoscode/module/src/lib.rs:1809:13 - [octoscode] settings action: settings.section.preferences
    log: [I] apps/octoscode/module/src/lib.rs:4170:13 - [octoscode] chrome: Action("a9.prefs.lang.en", 0)
    log: [I] apps/octoscode/module/src/a9_host.rs:188:21 - [octoscode] a24 language -> en (switched)
    log: [I] apps/octoscode/module/src/chrome.rs:2144:13 - [octoscode] a24 shell copy: 47 text(s) set (en; 87 source(s))
CLICK prefs_save r=[362, 394, 148, 36] at (436,412)
PASS relaunch: English saved back — {'language': 'en', 'theme': 'terminal', 'version': 1, 'vimMode': False}
CLICK settings_close r=[905, 154, 32, 32] at (921,170)
== 5/5 checks passed
