CLICK settings_open_hit r=[308, 85, 36, 30] at (326,100)
PASS dismissed: Settings > General shows the row
CLICK tg_notify r=[292, 145, 44, 32] at (314,161)
PASS dismissed: the toggle stays off and the message is an alert — {"toggle": true, "on": false, "state": "", "help": "", "alert": "Permission was not granted. You can enable notifications later."}
    log: [I] apps/octoscode/module/src/design.rs:163:9 - [octoscode] design root: <PATH>
    log: [I] apps/octoscode/module/src/design.rs:413:9 - [octoscode] font faces resolve under <PATH>
    log: [I] apps/octoscode/module/src/lib.rs:1412:9 - [octoscode] a24 language at launch: en
    log: [I] apps/octoscode/module/src/screens/bootstrap.rs:169:5 - [octoscode] bootstrap: Harness(http://127.0.0.1:8524, token: true) (remembered server: false, saved token: false, restore target: false, auto-connect: None)
    log: [I] apps/octoscode/module/src/screens/discovery.rs:273:17 - [octoscode] discovery: no probe (a credential is at hand)
    log: [I] apps/octoscode/module/src/attention.rs:1032:9 - [octoscode] attention: start (platform api true, focused false)
    log: [I] apps/octoscode/module/src/attention.rs:952:9 - [octoscode] attention(fake os): authorization not-determined requested=false
    log: [I] apps/octoscode/module/src/lib.rs:1687:13 - [octoscode] startup: Explicit("dsflash:main")
    log: [I] apps/octoscode/module/src/flow.rs:1375:9 - [octoscode] history of dsflash:main could not be read: session/hydrate returned an invalid result: missing field `session_id`
    log: [I] apps/octoscode/module/src/lib.rs:3481:17 - [octoscode] composer remounted
    log: [I] apps/octoscode/module/src/lib.rs:4363:43 - [octoscode] board3 PermissionLoad failed: permission/profile/list returned another session
    log: [I] apps/octoscode/module/src/lib.rs:3585:38 - [octoscode] chrome: 3 profile reads folded
    log: [I] apps/octoscode/module/src/lib.rs:4363:43 - [octoscode] board3 StatusRead failed: status belongs to another Session
    log: [I] apps/octoscode/module/src/screens/surfaces/host.rs:221:17 - [octoscode] view: session dsflash:main restored (following)
    log: [I] apps/octoscode/module/src/lib.rs:3928:25 - [octoscode] composer extras: 0 queued, steer=false, recovery=None, peer=None
    log: [I] apps/octoscode/module/src/lib.rs:3986:17 - [octoscode] aside panel: hidden
    log: [I] apps/octoscode/module/src/attention.rs:1092:9 - [octoscode] attention: os Authorization { status: NotDetermined, requested: false, error: None }
    log: [I] apps/octoscode/module/src/lib.rs:3481:17 - [octoscode] composer remounted
    log: [I] apps/octoscode/module/src/lib.rs:4449:13 - [octoscode] chrome: OpenSettings
    log: [I] apps/octoscode/module/src/lib.rs:1922:13 - [octoscode] settings action: settings.panel.open
    log: [I] apps/octoscode/module/src/lib.rs:4449:13 - [octoscode] chrome: Action("notifications_toggle.toggle", 0)
    log: [I] apps/octoscode/module/src/lib.rs:1922:13 - [octoscode] settings action: notifications_toggle.toggle
    log: [I] apps/octoscode/module/src/attention.rs:952:9 - [octoscode] attention(fake os): authorization not-determined requested=true
    log: [I] apps/octoscode/module/src/attention.rs:1092:9 - [octoscode] attention: os Authorization { status: NotDetermined, requested: true, error: None }
PASS dismissed: one request
SHOT row-dismissed
PASS ux row-dismissed: 10/10 numeric checks — failed=[] rects={'row': [81, 135, 255, 115], 'title': [81, 152, 150, 18], 'control': [292, 145, 44, 32], 'message': [81, 179, 191, 57]}
== 4/4 checks passed
