PASS connected to the replay server
PASS Settings opens from the header
PASS General shows
PASS General: the state reads Connected — 'Connected'
PASS General: the green dot shows (one dot)
PASS General: the origin is the connected server — '127.0.0.1:8429'
PASS General: Current workspace shows (known) — 'octos' '/home/user/src/octos'
PASS General: Profile shows the opened Profile — 'a9walk'
PASS General: every row fits the body (no overflow) — body [57, 131, 303, 719] []
PASS General: state and origin do not overlap — [96, 339, 67, 16] [250, 327, 86, 16]
PASS General: set_ws_value inside the body — [302, 391, 34, 16]
PASS General: set_profile_value inside the body — [292, 465, 44, 16]
PASS General: set_server_value inside the body — [250, 327, 86, 16]
SHOT docs/ux/a9-settings/phone-settings-general.png
PASS Connection shows
PASS Connection: Disconnect / Forget server are >= 28 px targets — []
PASS Connection: settings_disconnect inside the body — [81, 307, 112, 36]
PASS Connection: settings_forget inside the body — [203, 307, 120, 36]
SHOT docs/ux/a9-settings/phone-settings-connection.png
PASS Disconnect acts at once (no work, no draft)
PASS …closes the transport and returns to the Connect card
PASS …on the same server (remembered) — 'http://127.0.0.1:8429'
SHOT docs/ux/a9-settings/phone-after-disconnect.png
PASS Connect reconnects to the remembered server
PASS Settings reopens
PASS Forget with an unsent draft asks first
PASS …'Forget this server?' with the draft warning — 'Forget this server?' 'This input has not been saved. Copy it before leaving this conversation.'
PASS …the confirmation is centred, min(440, w - 40) wide — [20, 309, 320, 310]
PASS …its buttons are the web's 44 px — []
SHOT docs/ux/a9-settings/phone-forget-confirm.png
PASS Cancel closes the confirmation and keeps the connection
PASS Confirm forgets: transport closed, the Connect card returns
PASS …on the default address (the saved one is gone) — 'http://127.0.0.1:50190'
SHOT docs/ux/a9-settings/phone-after-forget.png
== WALK a9 settings phone: 29/29 passed
