== native walk a10_seat [phone] (tools/walk/a10_seat.py)
-- run 1: exit 0 in 75 s
[headless] launch: MAKEPAD_HIDE_WINDOWS=1 <abs>/octosense --remote 8421 --module octoscode --test-action page:0 --test-action launch-octoscode
[makepad-remote] listening on 127.0.0.1:8421 pid=57585 app=octosense grabs=<abs>/octosense-57585
[headless] up: pid 57585  port 8421  log <repo>/tmp/hs/port-8421.log
[headless] drive it:  curl -s http://127.0.0.1:8421/snap?q=Button   |   harness/headless.sh shot 8421 out.png
== 1. the pane's Advanced: the console offers the seat
CLICK b3_strip_tap r=[12, 644, 336, 62] at (180,675)
CLICK b3_sc_adv r=[32, 783, 286, 36] at (175,801)
PASS pane: the strip CLICK opens 'Session settings'; Advanced CLICK shows who controls it — who='This app'
PASS console: 'Peer controller' with Acquire seat offered, Release seat inert, no seat panel
PASS console: nothing auto-acquires
PASS offered: pane numeric checks — frame=328x741 centre_dx=0.0 margins L=16 R=16 labels=20 outside=0 overlaps=0 controls=4 under28=0
SHOT 01-offered-phone
== 2. Acquire seat: ONE CAS acquire on the cold revision
CLICK b3_fleet_console_acquire r=[46, 797, 111, 21] at (102,808)
PASS acquire: Acquire seat CLICK -> ONE acquire expected_revision=0 -> Release seat live — [replay-serve] -> session/driver/acquire (fleet sim) expected_revision=0
PASS held: the re-walked disclosure names this app's peer (SELF) — 'A peer you started is using this session'
PASS held: the console is bound to this app's stable driver id — 'Bound to octoscode-native:32c8090c-abd7-4cf4-8439-d55e83daa392 @ epoch 1'
PASS held: pane numeric checks — frame=328x741 centre_dx=0.0 margins L=16 R=16 labels=26 outside=0 overlaps=0 controls=5 under28=0
SHOT 02-held-phone
== 3. the lease renews on the cadence
PASS renew: session/driver/renew x2 while held (2 s cadence in this walk; 45 s in the product) — renews=3
== 4. Release seat parks it; Acquire seat takes it again
CLICK b3_fleet_console_release r=[141, 775, 114, 32] at (198,791)
PASS release: Release seat CLICK -> ONE release next=external -> Acquire seat offered — [replay-serve] -> session/driver/release (fleet sim) expected_revision=1 next=external
SHOT 03-released-phone
CLICK b3_fleet_console_acquire r=[46, 775, 111, 32] at (102,791)
PASS acquire: Acquire seat CLICK -> the CAS on the revision the release moved (2)
== 5. a chat send hands the held seat back first
CLICK b3_close r=[300, 111, 28, 28] at (314,125)
PASS pane: the close CLICK
CLICK composer r=[28, 743, 304, 29]
KEY End
TYPE 'summarise the open peers'
KEY Return
PASS chat: a prompt CLICK + Return -> turn/start
PASS chat: the seat went back (release next=internal) BEFORE the one turn/start — release@[55] turn/start@[58]
CLICK b3_strip_tap r=[12, 644, 336, 62] at (180,675)
PASS pane: reopened, the console offers Acquire seat again (handed back)
== 6. the seat panel: the acquire's pending work + the live turn
CLICK b3_fleet_console_acquire r=[46, 779, 111, 32] at (102,795)
PASS acquire: Acquire seat CLICK during the live turn -> the seat panel 'Peer control'
CLICK b3_fleet_seat_cmd_2 r=[46, 794, 258, 25] at (175,806)
PASS seat: Steer CLICK -> ONE peer/control on the pending work + the live turn -> Worker + 'Newly applied' — worker='lint-sweep' dup='Newly applied' [replay-serve] -> peer/control (fleet sim) operation_id=ba8a5b99-6e59-4b90-960d-5b5d2fd27909 target_operation_id=synthetic-pending-op expected_turn_id=01a0fc15-c84e-7471-b5b7-b113db8c3f7b command=steer
PASS seat: pane numeric checks — frame=328x741 centre_dx=0.0 margins L=16 R=16 labels=29 outside=0 overlaps=0 controls=7 under28=0
SHOT 04-seat-phone
== 7. another app takes the lease: the seat is dropped, the label stays
PASS expired: the next renew is refused driver_fence_stale -> 'Your control of this session expired' — [replay-serve] -> session/driver/renew REFUSED "driver_fence_stale" (fleet sim) operation_id=
PASS expired: dropped without a frame; no seat panel; Acquire seat offered
PASS expired: the re-walk names the new holder — 'Another app is using this session' + Resume chat — 'Another app is using this session'
PASS expired: never retried with the dead fence (no renew after the refusal) — renews 6 -> 6
PASS expired: pane numeric checks — frame=328x741 centre_dx=0.0 margins L=16 R=16 labels=28 outside=0 overlaps=0 controls=3 under28=0
SHOT 05-expired-phone
CLICK b3_close r=[300, 111, 28, 28] at (314,125)
PASS pane: the close CLICK
== 24/24 checks passed
gq: {"png":["<abs>/grab-w0-00001.png"],"quit":1}
[headless] pid 57585 exited after /gq
[headless] port 8421 free
[headless] launch: MAKEPAD_HIDE_WINDOWS=1 <abs>/octosense --remote 8421 --module octoscode --test-action page:0 --test-action launch-octoscode
[makepad-remote] listening on 127.0.0.1:8421 pid=64755 app=octosense grabs=<abs>/octosense-64755
[headless] up: pid 64755  port 8421  log <repo>/tmp/hs/port-8421.log
[headless] drive it:  curl -s http://127.0.0.1:8421/snap?q=Button   |   harness/headless.sh shot 8421 out.png
== the e2e no-method variant: peer/control unadvertised
CLICK b3_strip_tap r=[12, 644, 336, 62] at (180,675)
CLICK b3_sc_adv r=[32, 783, 286, 36] at (175,801)
PASS pane: the strip CLICK opens 'Session settings'; Advanced CLICK shows who controls it
PASS no-method: no seat panel and no console
PASS no-method: zero acquire / control frames
PASS no-method: pane numeric checks — frame=328x741 centre_dx=0.0 margins L=16 R=16 labels=22 outside=0 overlaps=0 controls=8 under28=0
SHOT 06-no-method-phone
CLICK b3_close r=[300, 111, 28, 28] at (314,125)
PASS pane: the close CLICK
== 5/5 checks passed
gq: {"png":["<abs>/grab-w0-00001.png"],"quit":1}
[headless] pid 64755 exited after /gq
[headless] port 8421 free
