== native walk a10_diff_review [phone] (tools/walk/a10_diff_review.py)
-- run 1: exit 0 in 11 s
[headless] launch: MAKEPAD_HIDE_WINDOWS=1 <abs>/octosense --remote 8421 --module octoscode --test-action page:0 --test-action launch-octoscode
[makepad-remote] listening on 127.0.0.1:8421 pid=45974 app=octosense grabs=<abs>/octosense-45974 token_file=<abs>/port-8421.token
[headless] up: pid 45974  port 8421  log <repo>/tmp/hs/port-8421.log
[headless] drive it:  <repo>/harness/bcurl -s http://127.0.0.1:8421/snap?q=Button   |   harness/headless.sh shot 8421 out.png
== 1. no preview yet: the header Review entry
CLICK review_open_hit r=[264, 85, 36, 30] at (282,100)
PASS header: Review CLICK opens the diff review modal (eyebrow + 'Review changes')
PASS empty: 'No diff preview yet' + the reason; nothing is read
PASS empty: dialog numeric checks — frame=360x776 centre_dx=0.0 margins L=16 R=16 labels=6 outside=0 overlaps=0 controls=2 under28=0
PASS empty: the close control is >= 28 x 28 px — b3_close=[316, 133, 28, 28]
PASS empty: the title sits inside the modal card (no header collision) — title=[16, 103, 328, 21] dialog=[0, 74, 360, 776]
SHOT 01-empty-phone
CLICK b3_diff_native r=[26, 269, 122, 32] at (87,285)
PASS empty: 'Code review…' CLICK opens the Code review dialog (/review)
SHOT 01b-code-review-phone
CLICK dialog_close r=[300, 254, 28, 28] at (314,268)
PASS code review: closed again (the composer is back)
== 2. a typed diff approval's Review diff
CLICK composer r=[28, 743, 304, 29]
KEY End
TYPE 'apply the version flag'
KEY Return
PASS turn: a prompt CLICK + Return -> turn/start (the approvals turn)
PASS approval: the command approval takes the composer over
CLICK cv_ap_deny r=[28, 749, 304, 40] at (180,769)
PASS approval: Deny -> the typed DIFF approval with 'Review diff' — 'Apply a patch to sr…'
CLICK cv_ap_diff r=[28, 753, 304, 36] at (180,771)
PASS diff: 'Review diff' CLICK opens the dialog on ONE diff/preview/get — title='Add a --version flag'
PASS diff: the totals, status · source · id, the file, its hunk and lines — add='+4' del='−1' status='ready' path='src/main.rs' l2='    if args.version {'
PASS preview: dialog numeric checks — frame=360x776 centre_dx=0.0 margins L=16 R=12 labels=52 outside=0 overlaps=0 controls=2 under28=0
PASS preview: the close control is >= 28 x 28 px — b3_close=[316, 133, 28, 28]
PASS preview: the title sits inside the modal card (no header collision) — title=[16, 103, 328, 21] dialog=[0, 74, 360, 776]
SHOT 02-preview-phone
CLICK b3_diff_refresh r=[228, 132, 80, 30] at (268,147)
PASS diff: Refresh CLICK -> one more diff/preview/get
CLICK b3_close r=[316, 133, 28, 28] at (330,147)
PASS diff: the close CLICK returns to the approval card
== 3. the header Review entry now opens the announced preview
CLICK review_open_hit r=[264, 85, 36, 30] at (282,100)
PASS header: Review CLICK -> the preview (one more read)
SHOT 03-header-preview-phone
CLICK b3_close r=[316, 133, 28, 28] at (330,147)
PASS header: the close control CLICK closes it
CLICK cv_ap_session r=[28, 647, 304, 46] at (180,670)
== 19/19 checks passed
gq: {"png":["<abs>/grab-w0-00001.png"],"quit":1}
[headless] pid 45974 exited after /gq
[headless] port 8421 free
