== native walk a10_diff_review [desktop] (tools/walk/a10_diff_review.py)
-- run 1: exit 0 in 14 s
[headless] launch: MAKEPAD_HIDE_WINDOWS=1 <abs>/octosense --remote 8421 --module octoscode
[makepad-remote] listening on 127.0.0.1:8421 pid=9510 app=octosense grabs=<abs>/octosense-9510
[headless] up: pid 9510  port 8421  log <repo>/tmp/hs/port-8421.log
[headless] drive it:  curl -s http://127.0.0.1:8421/snap?q=Button   |   harness/headless.sh shot 8421 out.png
== 1. no preview yet: the header Review entry
CLICK review_open_hit r=[841, 87, 86, 30] at (884,102)
PASS header: Review CLICK opens the diff review modal (eyebrow + 'Review changes')
PASS empty: 'No diff preview yet' + the reason; nothing is read
PASS empty: dialog numeric checks — frame=760x195 centre_dx=0.0 margins L=20 R=27 labels=6 outside=0 overlaps=0 controls=2 under28=0
PASS empty: the close control is >= 28 x 28 px — b3_close=[881, 304, 28, 28]
PASS empty: the title sits inside the modal card (no header collision) — title=[189, 315, 596, 21] dialog=[169, 280, 760, 195]
SHOT 01-empty-desktop
CLICK b3_diff_native r=[203, 409, 122, 32] at (264,425)
PASS empty: 'Code review…' CLICK opens the Code review dialog (/review)
SHOT 01b-code-review-desktop
KEY Escape
PASS code review: closed again (the composer is back)
== 2. a typed diff approval's Review diff
CLICK composer r=[375, 585, 629, 28]
KEY End
TYPE 'apply the version flag'
KEY Return
PASS turn: a prompt CLICK + Return -> turn/start (the approvals turn)
PASS approval: the command approval takes the composer over
CLICK cv_ap_deny r=[647, 615, 64, 34] at (679,632)
PASS approval: Deny -> the typed DIFF approval with 'Review diff' — 'Apply a patch to src/main.rs'
CLICK cv_ap_diff r=[535, 615, 104, 34] at (587,632)
PASS diff: 'Review diff' CLICK opens the dialog on ONE diff/preview/get — title='Add a --version flag'
PASS diff: the totals, status · source · id, the file, its hunk and lines — add='+4' del='−1' status='ready' path='src/main.rs' l2='    if args.version {'
PASS preview: dialog numeric checks — frame=760x299 centre_dx=0.0 margins L=20 R=21 labels=33 outside=0 overlaps=0 controls=2 under28=0
PASS preview: the close control is >= 28 x 28 px — b3_close=[881, 252, 28, 28]
PASS preview: the title sits inside the modal card (no header collision) — title=[189, 263, 550, 21] dialog=[169, 228, 760, 299]
SHOT 02-preview-desktop
CLICK b3_diff_refresh r=[793, 251, 80, 30] at (833,266)
PASS diff: Refresh CLICK -> one more diff/preview/get
KEY Escape
PASS diff: Escape returns to the approval card
== 3. the header Review entry now opens the announced preview
CLICK review_open_hit r=[841, 87, 86, 30] at (884,102)
PASS header: Review CLICK -> the preview (one more read)
SHOT 03-header-preview-desktop
CLICK b3_close r=[881, 252, 28, 28] at (895,266)
PASS header: the close control CLICK closes it
CLICK cv_ap_session r=[719, 615, 157, 34] at (798,632)
== 19/19 checks passed
gq: {"png":["<abs>/grab-w0-00001.png"],"quit":1}
[headless] pid 9510 exited after /gq
[headless] port 8421 free
