== native walk a10_autonomy [desktop] (tools/walk/a10_autonomy.py)
-- run 1: exit 0 in 27 s
[headless] launch: MAKEPAD_HIDE_WINDOWS=1 <abs>/octosense --remote 8421 --module octoscode
[makepad-remote] listening on 127.0.0.1:8421 pid=98789 app=octosense grabs=<abs>/octosense-98789
[headless] up: pid 98789  port 8421  log <repo>/tmp/hs/port-8421.log
[headless] drive it:  curl -s http://127.0.0.1:8421/snap?q=Button   |   harness/headless.sh shot 8421 out.png
== 1. /loop -> + New loop: the form on the default cadence (Maintenance)
CLICK composer r=[375, 585, 629, 28]
TYPE '/'
TYPE 'loo'
CLICK palette_row_name '/loop' r=[286, 252, 48, 28]
PASS loops: /loop palette CLICK opens the dialog
CLICK dlg_loops_new_loop_control r=[594, 284, 119, 39] at (654,304)
PASS loops: + New loop CLICK -> the cadence form, Maintenance selected
PASS loop form (maintenance): dialog numeric checks — frame=380x399 centre_dx=0.0 margins L=20 R=20 labels=9 outside=0 overlaps=0 controls=5 under28=0
SHOT 01-loop-form-maintenance-desktop
CLICK dlg_loops_fm_seg_fixed_control r=[611, 237, 108, 36] at (665,255)
PASS loops: Fixed interval segment CLICK -> the interval field appears prefilled 5m
PASS loop form (fixed): dialog numeric checks — frame=380x459 centre_dx=0.0 margins L=20 R=20 labels=10 outside=0 overlaps=0 controls=5 under28=0
SHOT 02-loop-form-fixed-desktop
CLICK dlg_loops_fm_seg_self_paced_control r=[495, 207, 108, 36] at (549,225)
PASS loops: Self-paced segment CLICK -> no interval field
CLICK dlg_loops_ff_submit_control r=[555, 499, 164, 44] at (637,521)
PASS loops: Create with an empty self-paced prompt is refused ON the form (nothing sent)
SHOT 03-loop-form-refused-desktop
CLICK dlg_loops_fm_seg_maintenance_control r=[379, 224, 108, 36] at (433,242)
CLICK dlg_loops_ff_submit_control r=[555, 509, 164, 44] at (637,531)
PASS loops: Maintenance segment CLICK, then Create -> loop/create maintenance
PASS wire: loop/create x1 (maintenance)
PASS loops after create: dialog numeric checks — frame=426x341 centre_dx=0.0 margins L=32 R=36 labels=6 outside=0 overlaps=0 controls=7 under28=0
SHOT 04-loops-created-desktop
CLICK dialog_close r=[722, 231, 28, 28] at (736,245)
== 2. /monitor -> + New monitor: a refused create is the alert line
CLICK composer r=[375, 585, 629, 28]
TYPE '/'
TYPE 'moni'
CLICK palette_row_name '/monitor' r=[286, 252, 76, 28]
PASS monitors: /monitor palette CLICK opens the dialog
CLICK dlg_monitors_new_monitor_control r=[564, 241, 145, 39] at (636,260)
PASS monitors: + New monitor CLICK -> the create form
TYPE 'watch-build'
TYPE '["./scripts/watch.sh", "--verbose"]'
TYPE '('
PASS monitor form: dialog numeric checks — frame=380x451 centre_dx=0.0 margins L=20 R=20 labels=7 outside=0 overlaps=0 controls=2 under28=0
SHOT 05-monitor-form-desktop
CLICK dlg_monitors_ff_submit_control r=[555, 535, 164, 44] at (637,557)
PASS monitors: Create CLICK -> monitor/create refused by the server -> the dialog's alert line
PASS monitors alert: dialog numeric checks — frame=418x358 centre_dx=0.0 margins L=27 R=20 labels=7 outside=0 overlaps=0 controls=3 under28=0
SHOT 06-monitor-alert-desktop
CLICK dlg_monitors_new_monitor_control r=[564, 218, 145, 39] at (636,238)
PASS monitors: + New monitor again, a valid regex, Create -> created, the alert clears
TYPE 'watch-build'
TYPE '["./scripts/watch.sh", "--verbose"]'
TYPE 'ERROR.*'
CLICK dlg_monitors_ff_submit_control r=[555, 535, 164, 44] at (637,557)
PASS monitors: the corrected create succeeds; the row appears and no alert remains
PASS wire: monitor/create x2 (refused, then created)
PASS monitors after create: dialog numeric checks — frame=418x472 centre_dx=0.0 margins L=27 R=39 labels=9 outside=0 overlaps=0 controls=5 under28=0
SHOT 07-monitor-created-desktop
CLICK dialog_close r=[718, 167, 28, 28] at (732,181)
== 3. close suspends, reopen refreshes: /loop again re-reads the list
CLICK composer r=[375, 585, 629, 28]
TYPE '/'
TYPE 'loo'
CLICK palette_row_name '/loop' r=[286, 252, 48, 28]
PASS loops: reopen by palette CLICK -> a fresh loop/list read, the rows shown — loop/list 2 -> 3
CLICK dialog_close r=[722, 288, 28, 28] at (736,302)
== 20/20 checks passed
gq: {"png":["<abs>/grab-w0-00001.png"],"quit":1}
[headless] pid 98789 exited after /gq
[headless] port 8421 free
