== native walk a20_interaction [phone] (tools/walk/a20_interaction_walk.py)
-- run 1: exit 0 in 23 s
[headless] launch: MAKEPAD_HIDE_WINDOWS=1 <abs>/octosense --remote 8483 --module octoscode
[makepad-remote] listening on 127.0.0.1:8483 pid=84805 app=octosense grabs=<abs>/octosense-84805 token_file=<abs>/port-8483.token
[headless] up: pid 84805  port 8483  log <repo>/tmp/hs/port-8483.log
[headless] drive it:  <repo>/harness/bcurl -s http://127.0.0.1:8483/snap?q=Button   |   harness/headless.sh shot 8483 out.png
PASS the sidebar lists Session X and Session Y — ['Main', 'Session Y — release notes', 'Session X — clean the scratch dir']
CLICK sb_r_title 'Session X — clean the scratch dir' r=[92, 332, 199, 17]
PASS CLICK row 'Session X' -> session/open X
TYPE 'please run rm -rf scratch_dir in this repo'
KEY Return
PASS wire: X's turn/start
PASS X: the approval takes X's composer over — 'rm -rf scratch_dir'
PASS X's approval card: layout frame=661x173 centre_dx=140.5 margins L=18 R=18 labels=8 outside=0 overlaps=0 controls=3 under28=0 gutters>=12=True — {"ok": true, "frame": [359, 489, 661, 173], "centre_dx": 140.5, "margins": [18, 18], "labels": 8, "outside": [], "overlaps": [], "controls": 3, "under28": []}
SHOT desktop-01-x-approval
CLICK sb_r_title 'Session Y — release notes' r=[92, 364, 199, 17]
PASS CLICK row 'Session Y' -> session/open Y
PASS Y: no card (X's approval is not Y's)
SHOT desktop-02-y-no-card
KEY y
KEY s
KEY n
PASS Y: the keyboard sends nothing (Y / S / N resolve to typing) — []
PASS log: Y's bare Y resolves to Ignore
PASS X's row waits (its own approval)
PASS Y's row does not wait on X's approval
PASS layout: X's Waiting dot is centred on X's row, left of its title — dot=[[75, 337, 7, 7]] title=[92, 332, 194, 17]
SHOT desktop-03-sidebar-x-waits
TYPE 'ask me which color to use'
KEY Return
PASS wire: Y's turn/start
PASS Y: its own question takes Y's composer over
PASS Y's question card: layout frame=661x343 centre_dx=140.5 margins L=18 R=18 labels=13 outside=0 overlaps=0 controls=3 under28=0 gutters>=12=True — {"ok": true, "frame": [359, 320, 661, 343], "centre_dx": 140.5, "margins": [18, 18], "labels": 13, "outside": [], "overlaps": [], "controls": 3, "under28": []}
SHOT desktop-04-y-question
CLICK sb_r_title 'Session X — clean the scratch dir' r=[92, 332, 194, 17]
PASS CLICK row 'Session X' -> session/open X again
PASS wire: X's canonical hydrate read its parked interactions
PASS X: its approval again, never Y's question
PASS X's restored approval card: layout frame=661x173 centre_dx=140.5 margins L=18 R=18 labels=8 outside=0 overlaps=0 controls=3 under28=0 gutters>=12=True — {"ok": true, "frame": [359, 489, 661, 173], "centre_dx": 140.5, "margins": [18, 18], "labels": 8, "outside": [], "overlaps": [], "controls": 3, "under28": []}
SHOT desktop-05-x-approval-again
CLICK cv_ap_once r=[884, 615, 118, 34] at (943,632)
PASS CLICK Approve once
PASS wire: exactly one approval/respond, to X with X's ids — [{'approval_id': '01a0e773-f844-7d50-a20a-000000000001', 'approval_scope': 'request', 'decision': 'approve', 'session_id': 'a20:api:xray'}]
PASS X: decided, the composer is back
CLICK sb_r_title 'Session Y — release notes' r=[92, 332, 194, 17]
PASS CLICK row 'Session Y' -> session/open Y again
PASS Y: its question survived X's approval
CLICK cv_q_0_opt_1 r=[377, 484, 621, 49] at (688,508)
PASS CLICK option 'Green'
PASS the primary is live
CLICK cv_q_submit r=[852, 611, 150, 38] at (927,630)
PASS CLICK Submit answer
PASS wire: user_question/respond to Y with Y's ids — [{'answers': [{'selected_labels': ['Green']}], 'question_id': '01a0e773-f844-7d50-a20b-000000000002', 'session_id': 'a20:api:yankee'}]
PASS Y: answered, the composer is back
SHOT desktop-06-y-answered
PASS wire: nothing was ever answered on Y for X
== 30/30 checks passed
gq: {"png":["<abs>/grab-w0-00001.png"],"quit":1}
[headless] pid 84805 exited after /gq
[headless] port 8483 free
