== native walk a20_saved_link [desktop] (tools/walk/a20_saved_link_walk.py)
-- run 1: exit 0 in 26 s
[headless] launch: MAKEPAD_HIDE_WINDOWS=1 <abs>/octosense --remote 8483 --module octoscode
[makepad-remote] listening on 127.0.0.1:8483 pid=88309 app=octosense grabs=<abs>/octosense-88309 token_file=<abs>/port-8483.token
[headless] up: pid 88309  port 8483  log <repo>/tmp/hs/port-8483.log
[headless] drive it:  <repo>/harness/bcurl -s http://127.0.0.1:8483/snap?q=Button   |   harness/headless.sh shot 8483 out.png
PASS the panel 'Open saved conversation' is offered — 'Open saved conversation'
PASS panel: the workspace the link names — '/home/user/a20-link-ws'
PASS panel: the server in use — 'http://127.0.0.1:8485'
PASS panel: the conversation details start closed (the web's <details>)
PASS panel: layout frame=520x347 centre_dx=0.0 margins L=20 R=20 labels=7 outside=0 overlaps=0 controls=2 under28=0 — {"ok": true, "frame": [289, 204, 520, 347], "centre_dx": 0.0, "margins": [20, 20], "labels": 7, "outside": [], "overlaps": [], "controls": 2, "under28": []}
SHOT desktop-11-link-panel
CLICK b3_link_details r=[309, 410, 154, 30] at (386,425)
PASS CLICK Conversation details
PASS details: the Session and the Profile — 'a20:api:xray' 'a20'
PASS details panel: layout frame=520x449 centre_dx=0.0 margins L=20 R=20 labels=11 outside=0 overlaps=0 controls=2 under28=0 — {"ok": true, "frame": [289, 153, 520, 449], "centre_dx": 0.0, "margins": [20, 20], "labels": 11, "outside": [], "overlaps": [], "controls": 2, "under28": []}
SHOT desktop-11b-link-details
CLICK b3_link_open r=[641, 548, 148, 34] at (715,565)
PASS CLICK Open conversation
PASS refused on the panel, with both workspaces — "Not opened: the server resolves the saved link's workspace to a different folder." 'Saved link: /home/user/a20-link-ws' 'On the server: /home/user/a20-real-ws'
PASS wire: the precondition read the server's attestation (session/list {cwd: <link>})
PASS wire: NO session/open for the linked Session — []
PASS wire: NO session/hydrate for the linked Session — []
PASS the link stays on the panel (Open conversation offered again)
PASS refused panel: layout frame=520x511 centre_dx=0.0 margins L=20 R=20 labels=14 outside=0 overlaps=0 controls=2 under28=0 — {"ok": true, "frame": [289, 122, 520, 511], "centre_dx": 0.0, "margins": [20, 20], "labels": 14, "outside": [], "overlaps": [], "controls": 2, "under28": []}
SHOT desktop-12-link-refused
CLICK b3_link_dismiss r=[524, 579, 109, 34] at (578,596)
PASS CLICK Dismiss link
PASS dismissed: the panel closes, the conversation shows
PASS wire: still nothing opened for the link
SHOT desktop-13-link-dismissed
== 18/18 checks passed
gq: {"png":["<abs>/grab-w0-00001.png"],"quit":1}
[headless] pid 88309 exited after /gq
[headless] port 8483 free
[headless] launch: MAKEPAD_HIDE_WINDOWS=1 <abs>/octosense --remote 8483 --module octoscode
[makepad-remote] listening on 127.0.0.1:8483 pid=90280 app=octosense grabs=<abs>/octosense-90280 token_file=<abs>/port-8483.token
[headless] up: pid 90280  port 8483  log <repo>/tmp/hs/port-8483.log
[headless] drive it:  <repo>/harness/bcurl -s http://127.0.0.1:8483/snap?q=Button   |   harness/headless.sh shot 8483 out.png
PASS B: the panel is offered
CLICK b3_link_open r=[641, 497, 148, 34] at (715,514)
PASS B: CLICK Open conversation
PASS B: wire: session/open {session: <link>, cwd: <the exact workspace>} — [{'cwd': '/home/user/a20-real-ws', 'profile_id': 'a20', 'session_id': 'a20:api:xray'}]
PASS B: wire: its history is read after the accepted open
PASS B: the panel closes
PASS B: the linked Session is on screen
SHOT desktop-14-link-opened
== 6/6 checks passed
gq: {"png":["<abs>/grab-w0-00001.png"],"quit":1}
[headless] pid 90280 exited after /gq
[headless] port 8483 free
[headless] launch: MAKEPAD_HIDE_WINDOWS=1 <abs>/octosense --remote 8483 --module octoscode
[makepad-remote] listening on 127.0.0.1:8483 pid=91891 app=octosense grabs=<abs>/octosense-91891 token_file=<abs>/port-8483.token
[headless] up: pid 91891  port 8483  log <repo>/tmp/hs/port-8483.log
[headless] drive it:  <repo>/harness/bcurl -s http://127.0.0.1:8483/snap?q=Button   |   harness/headless.sh shot 8483 out.png
PASS C: an invalid link says so — 'This conversation link is invalid'
SHOT desktop-15-link-invalid
CLICK b3_link_dismiss r=[680, 395, 109, 34] at (734,412)
PASS C: CLICK Dismiss link
PASS C: dismissed, normal entry
PASS C: wire: nothing opened for it
== 4/4 checks passed
gq: {"png":["<abs>/grab-w0-00001.png"],"quit":1}
[headless] pid 91891 exited after /gq
[headless] port 8483 free
