== native walk a24_language [phone] (tools/walk/a24_language.py)
-- run 1: exit 0 in 119 s
[headless] launch: MAKEPAD_HIDE_WINDOWS=1 <abs>/octosense --remote 8421 --module octoscode --test-action page:0 --test-action launch-octoscode
[makepad-remote] listening on 127.0.0.1:8421 pid=80210 app=octosense grabs=<abs>/octosense-80210 token_file=<abs>/port-8421.token
[headless] up: pid 80210  port 8421  log <repo>/tmp/hs/port-8421.log
[headless] drive it:  <repo>/harness/bcurl -s http://127.0.0.1:8421/snap?q=Button   |   harness/headless.sh shot 8421 out.png
PASS connected
PASS start: English (the device default here) — ['Fix steer queue drop on reconnect', '/home/user/src/octos', 'Chat', 'Trajectory', 'Session recovery required', 'The conversation history could not be loaded: session/hydrate returned an invalid result: missing field `session_id`. Reopen it from the sidebar to try again.', 'Ready', 'Model not reported', 'Permissions not reported', 'Ask Octos anything', 'Ask for approval', 'Select a model']
CLICK settings_open_hit r=[308, 85, 36, 30] at (326,100)
PASS Settings opens (CLICK)
CLICK rl_hit r=[8, 384, 40, 40] at (28,404)
PASS Preferences shows (CLICK)
PASS Language: the control shows English | 简体中文, English selected — en=[166, 143, 84, 28] zh=[250, 143, 84, 28] on='English'
PASS Language: both segments are >= 28 px targets — en=[166, 143, 84, 28] zh=[250, 143, 84, 28]
SHOT en-settings-preferences
CLICK lang_zh r=[250, 143, 84, 28]
PASS switch: 简体中文 CLICK
PASS switch: the Settings sheet reads Chinese — ['聊天', '轨迹', '需要恢复会话', '无法加载对话历史：session/hydrate returned an invalid result: missing field `session_id`。请从侧栏重新打开以重试。', '向 Octos 提出任何问题', '请求批准', '选择模型', '偏好设置', '语言', '简体中文']
PASS switch: 简体中文 reads selected — '简体中文'
PASS switch: the status line says the change is unsaved — 偏好设置尚未保存。
PASS Settings > Preferences: no clipped or overflowing Chinese label (zh-settings-preferences) — cjk=11 outside=0 overflow=0 truncated=0 overlaps=0 controls=17 under28=0
SHOT zh-settings-preferences
CLICK rl_hit r=[8, 134, 40, 40] at (28,154)
PASS Settings > General: no clipped or overflowing Chinese label (zh-settings-general) — cjk=13 outside=0 overflow=0 truncated=0 overlaps=0 controls=10 under28=0
SHOT zh-settings-general
CLICK rl_hit r=[8, 184, 40, 40] at (28,204)
PASS Settings > Permissions: no clipped or overflowing Chinese label (zh-settings-permissions) — cjk=9 outside=0 overflow=0 truncated=0 overlaps=0 controls=12 under28=0
SHOT zh-settings-permissions
CLICK rl_hit r=[8, 234, 40, 40] at (28,254)
PASS Settings > Model: no clipped or overflowing Chinese label (zh-settings-model) — cjk=14 outside=0 overflow=0 truncated=0 overlaps=0 controls=14 under28=0
SHOT zh-settings-model
CLICK rl_hit r=[8, 284, 40, 40] at (28,304)
PASS Settings > Sandbox: no clipped or overflowing Chinese label (zh-settings-sandbox) — cjk=8 outside=0 overflow=0 truncated=0 overlaps=0 controls=11 under28=0
SHOT zh-settings-sandbox
CLICK rl_hit r=[8, 334, 40, 40] at (28,354)
PASS Settings > Connection: no clipped or overflowing Chinese label (zh-settings-connection) — cjk=10 outside=0 overflow=0 truncated=0 overlaps=0 controls=11 under28=0
SHOT zh-settings-connection
CLICK rl_hit r=[8, 434, 40, 40] at (28,454)
PASS Settings > About: no clipped or overflowing Chinese label (zh-settings-about) — cjk=4 outside=0 overflow=0 truncated=0 overlaps=0 controls=8 under28=0
SHOT zh-settings-about
CLICK set_back r=[8, 84, 40, 40] at (28,104)
PASS shell: the header reads Chinese — ['聊天', '轨迹', '需要恢复会话', '无法加载对话历史：session/hydrate returned an invalid result: missing field `session_id`。请从侧栏重新打开以重试。', '就绪', '模型未报告', '权限未报告', '向 Octos 提出任何问题', '请求批准', '选择模型']
PASS shell: the status strip reads Chinese — '' '就绪'
PASS shell (header, composer, strip): no clipped or overflowing Chinese label (zh-shell) — cjk=9 outside=0 overflow=0 truncated=0 overlaps=0 controls=11 under28=0
SHOT zh-shell
CLICK sidebar_toggle_hit r=[12, 82, 36, 36] at (30,100)
PASS shell: the drawer sidebar reads Chinese — ['聊天', '轨迹', '需要恢复会话', '无法加载对话历史：session/hydrate returned an invalid result: missing field `session_id`。请从侧栏重新打开以重试。', '就绪', '模型未报告', '权限未报告', '向 Octos 提出任何问题', '请求批准', '选择模型', '新建会话', '搜索会话']
PASS sidebar drawer: no clipped or overflowing Chinese label (zh-drawer) — cjk=13 outside=0 overflow=0 truncated=0 overlaps=0 controls=16 under28=0
SHOT zh-drawer
CLICK drawer_close r=[270, 87, 32, 32] at (286,103)
CLICK approval_pill_hit r=[56, 781, 72, 30] at (92,796)
PASS seats: the permission menu reads Chinese — '权限'
PASS composer permission menu: no clipped or overflowing Chinese label (zh-permission-menu) — cjk=2 outside=0 overflow=0 truncated=0 overlaps=0 controls=1 under28=0
SHOT zh-permission-menu
CLICK hd_title r=[54, 85, 126, 16] at (117,93)
PASS seats: an outside press closes the menu
TYPE '/'
PASS slash menu: the descriptions read Chinese — ['显示运行时模型和配置档案模型设置', '检查和管理会话监视器', '更改权限', '检查上下文、缓存和压缩控制']
PASS slash menu: no clipped or overflowing Chinese label (zh-slash-menu) — cjk=9 outside=0 overflow=0 truncated=0 overlaps=0 controls=6 under28=0
SHOT zh-slash-menu
KEY Escape
TAP the keyboard's hide chevron (337,513)
CLICK settings_open_hit r=[308, 85, 36, 30] at (326,100)
CLICK rl_hit r=[8, 334, 40, 40] at (28,354)
CLICK rl_hit r=[8, 334, 40, 40] at (28,354)
CLICK settings_disconnect r=[81, 307, 112, 36] at (137,325)
PASS board 1: Disconnect CLICK
PASS board 1: the Connect card returns
PASS board 1: the Connect card reads Chinese — '连接 Octos'
PASS Connect card (board 1): no clipped or overflowing Chinese label (zh-connect) — cjk=7 outside=0 overflow=0 truncated=0 overlaps=0 controls=4 under28=0
SHOT zh-connect
CLICK b1_connect_pair r=[138, 553, 84, 32] at (180,569)
PASS Pair with Octos (board 1 p4-01): no clipped or overflowing Chinese label (zh-pairing) — cjk=5 outside=0 overflow=0 truncated=0 overlaps=0 controls=4 under28=0
SHOT zh-pairing
CLICK b1_pair_back r=[20, 86, 30, 32] at (35,102)
CLICK connect_btn r=[36, 497, 288, 44] at (180,519)
PASS board 1: Connect reconnects
CLICK settings_open_hit r=[308, 85, 36, 30] at (326,100)
CLICK rl_hit r=[8, 384, 40, 40] at (28,404)
CLICK lang_en r=[166, 143, 84, 28]
PASS restore: English CLICK
PASS restore: the sheet reads English again — ['简体中文']
PASS restore: no Chinese left on the sheet — ['简体中文']
SHOT en-restored
CLICK lang_zh r=[250, 143, 84, 28]
CLICK prefs_save r=[81, 810, 148, 36] at (155,828)
PASS save: the file holds language zh — {'language': 'zh', 'theme': 'terminal', 'version': 1, 'vimMode': False}
CLICK set_back r=[8, 84, 40, 40] at (28,104)
== 37/37 checks passed
gq: {"png":["<abs>/grab-w0-00001.png"],"quit":1}
[headless] pid 80210 exited after /gq
[headless] port 8421 free
[headless] launch: MAKEPAD_HIDE_WINDOWS=1 <abs>/octosense --remote 8421 --module octoscode --test-action page:0 --test-action launch-octoscode
[makepad-remote] listening on 127.0.0.1:8421 pid=87473 app=octosense grabs=<abs>/octosense-87473 token_file=<abs>/port-8421.token
[headless] up: pid 87473  port 8421  log <repo>/tmp/hs/port-8421.log
[headless] drive it:  <repo>/harness/bcurl -s http://127.0.0.1:8421/snap?q=Button   |   harness/headless.sh shot 8421 out.png
PASS relaunch: connected
PASS relaunch: the first frame is Chinese — ['聊天', '轨迹', '需要恢复会话', '无法加载对话历史：session/hydrate returned an invalid result: missing field `session_id`。请从侧栏重新打开以重试。', '就绪', '模型未报告', '权限未报告', '向 Octos 提出任何问题']
PASS relaunch: adopted at launch (log)
CLICK settings_open_hit r=[308, 85, 36, 30] at (326,100)
CLICK rl_hit r=[8, 384, 40, 40] at (28,404)
PASS relaunch: 简体中文 reads selected — '简体中文'
CLICK lang_en r=[166, 143, 84, 28]
CLICK prefs_save r=[81, 810, 148, 36] at (155,828)
PASS relaunch: English saved back — {'language': 'en', 'theme': 'terminal', 'version': 1, 'vimMode': False}
CLICK set_back r=[8, 84, 40, 40] at (28,104)
== 5/5 checks passed
gq: {"png":["<abs>/grab-w0-00001.png"],"quit":1}
[headless] pid 87473 exited after /gq
[headless] port 8421 free
[headless] launch: MAKEPAD_HIDE_WINDOWS=1 <abs>/octosense --remote 8421 --module octoscode --test-action page:0 --test-action launch-octoscode
[makepad-remote] listening on 127.0.0.1:8421 pid=89062 app=octosense grabs=<abs>/octosense-89062 token_file=<abs>/port-8421.token
[headless] up: pid 89062  port 8421  log <repo>/tmp/hs/port-8421.log
[headless] drive it:  <repo>/harness/bcurl -s http://127.0.0.1:8421/snap?q=Button   |   harness/headless.sh shot 8421 out.png
PASS surfaces: connected
PASS surfaces: launched in Chinese (log)
CLICK composer r=[28, 743, 304, 29]
TYPE '/'
TYPE 'revi'
CLICK palette_row_name '/review' r=[30, 260, 66, 28]
PASS review: /review CLICK opens the dialog
PASS Code review dialog: no clipped or overflowing Chinese label (zh-review) — cjk=6 outside=0 overflow=0 truncated=0 overlaps=0 controls=2 under28=0
SHOT zh-review
PASS Code review dialog: no English copy left (zh-review) — []
CLICK dialog_close r=[300, 273, 28, 28] at (314,287)
CLICK composer r=[28, 743, 304, 29]
TYPE '/'
TYPE 'thin'
CLICK palette_row_name '/thinking' r=[30, 260, 77, 28]
PASS thinking: /thinking CLICK opens the dialog
PASS thinking: the dialog reads Chinese — '思考强度'
PASS Thinking effort: no clipped or overflowing Chinese label (zh-thinking) — cjk=11 outside=0 overflow=0 truncated=0 overlaps=0 controls=7 under28=0
SHOT zh-thinking
PASS Thinking effort: no English copy left (zh-thinking) — []
CLICK b3_close r=[300, 332, 28, 28] at (314,346)
CLICK composer r=[28, 743, 304, 29]
TYPE '/'
TYPE 'thre'
CLICK palette_row_name '/threads' r=[30, 260, 74, 28]
PASS inspector: /threads CLICK opens the inspector
PASS inspector: the inspector reads Chinese — '线程图'
PASS Inspector (/threads): no clipped or overflowing Chinese label (zh-inspector) — cjk=12 outside=0 overflow=0 truncated=0 overlaps=0 controls=4 under28=0
SHOT zh-inspector
PASS Inspector (/threads): no English copy left (zh-inspector) — []
CLICK b3_close r=[300, 219, 28, 28] at (314,233)
CLICK sidebar_toggle_hit r=[12, 82, 36, 36] at (30,100)
CLICK fleet_nav_hit r=[10, 744, 292, 34] at (156,761)
PASS fleet: the footer's Fleet CLICK
PASS fleet: the Fleet reads Chinese — '舰队' '返回'
PASS Fleet: no clipped or overflowing Chinese label (zh-fleet) — cjk=5 outside=0 overflow=0 truncated=0 overlaps=0 controls=2 under28=0
SHOT zh-fleet
PASS Fleet: no English copy left (zh-fleet) — []
KEY Escape
PASS fleet: Escape closes the pane (the phone's Back)
PASS fleet: ...and the app stays in front (the composer is back)
CLICK b3_strip_tap r=[12, 663, 336, 62] at (180,694)
PASS pane: the strip CLICK opens Session settings
PASS pane: the pane reads Chinese — '会话设置'
PASS Session settings: no clipped or overflowing Chinese label (zh-session-settings) — cjk=14 outside=0 overflow=0 truncated=0 overlaps=0 controls=6 under28=0
SHOT zh-session-settings
PASS Session settings: no English copy left (zh-session-settings) — []
CLICK b3_close r=[300, 111, 28, 28] at (314,125)
CLICK hd_tab_traj_hit r=[222, 74, 34, 52] at (239,100)
PASS trajectory: the tab CLICK shows the pane
PASS trajectory: the pane reads Chinese — '轨迹'
PASS Trajectory: no clipped or overflowing Chinese label (zh-trajectory) — cjk=11 outside=0 overflow=0 truncated=0 overlaps=0 controls=4 under28=0
SHOT zh-trajectory
PASS Trajectory: no English copy left (zh-trajectory) — []
CLICK hd_tab_chat_hit r=[186, 74, 34, 52] at (203,100)
CLICK composer r=[28, 743, 304, 29]
TYPE '/'
TYPE 'mo'
CLICK palette_row_name '/model' r=[30, 260, 63, 28]
PASS models: /model CLICK opens the Models dialog
PASS Models dialog: no clipped or overflowing Chinese label (zh-models) — cjk=7 outside=0 overflow=0 truncated=0 overlaps=0 controls=4 under28=0
SHOT zh-models
PASS Models dialog: no English copy left (zh-models) — []
CLICK dlg_models_manage_providers_control r=[219, 586, 99, 32] at (268,602)
PASS providers: the 管理提供商 CLICK opens 模型提供商 — '模型提供商'
PASS Model providers: no clipped or overflowing Chinese label (zh-providers) — cjk=14 outside=0 overflow=0 truncated=0 overlaps=0 controls=9 under28=0
SHOT zh-providers
PASS Model providers: no English copy left (zh-providers) — []
CLICK b3_routes_add_provider r=[32, 255, 99, 32] at (82,271)
PASS provider editor: the 添加提供商 CLICK opens the board-1 editor — '添加提供商'
PASS Provider editor (board 1): no clipped or overflowing Chinese label (zh-provider-editor) — cjk=5 outside=0 overflow=0 truncated=0 overlaps=0 controls=10 under28=0
SHOT zh-provider-editor
PASS Provider editor (board 1): no English copy left (zh-provider-editor) — []
KEY Escape
PASS provider editor: Escape steps back to 模型提供商 — '模型提供商'
CLICK b3_close r=[300, 161, 28, 28] at (314,175)
== 37/37 checks passed
gq: {"png":["<abs>/grab-w0-00001.png"],"quit":1}
[headless] pid 89062 exited after /gq
[headless] port 8421 free
[headless] launch: MAKEPAD_HIDE_WINDOWS=1 <abs>/octosense --remote 8421 --module octoscode --test-action page:0 --test-action launch-octoscode
[makepad-remote] listening on 127.0.0.1:8421 pid=94809 app=octosense grabs=<abs>/octosense-94809 token_file=<abs>/port-8421.token
[headless] up: pid 94809  port 8421  log <repo>/tmp/hs/port-8421.log
[headless] drive it:  <repo>/harness/bcurl -s http://127.0.0.1:8421/snap?q=Button   |   harness/headless.sh shot 8421 out.png
PASS skills: connected
CLICK composer r=[28, 743, 304, 29]
TYPE '/'
TYPE 'ski'
CLICK palette_row_name '/skills' r=[30, 260, 54, 28]
PASS skills: the /skills CLICK opens Skills with its 后台作业 — '后台作业'
PASS skills: the job rows arrive
PASS skills: every job's time reads Chinese (刚刚 / N 分钟前 / N 小时前), never now / 2m / 1h — ['刚刚', '刚刚', '2 分钟前', '5 分钟前', '20 分钟前', '1 小时前']
PASS skills: every shown time is whole (its box holds its words) — []
PASS Skills > Background jobs: no clipped or overflowing Chinese label (zh-skills-jobs) — cjk=22 outside=0 overflow=0 truncated=0 overlaps=0 controls=2 under28=0
SHOT zh-skills-jobs
PASS Skills > Background jobs: no English copy left (zh-skills-jobs) — []
CLICK dialog_close r=[300, 109, 28, 28] at (314,123)
== 7/7 checks passed
gq: {"png":["<abs>/grab-w0-00001.png"],"quit":1}
[headless] pid 94809 exited after /gq
[headless] port 8421 free
[headless] launch: MAKEPAD_HIDE_WINDOWS=1 <abs>/octosense --remote 8421 --module octoscode --test-action page:0 --test-action launch-octoscode
[makepad-remote] listening on 127.0.0.1:8421 pid=96578 app=octosense grabs=<abs>/octosense-96578 token_file=<abs>/port-8421.token
[headless] up: pid 96578  port 8421  log <repo>/tmp/hs/port-8421.log
[headless] drive it:  <repo>/harness/bcurl -s http://127.0.0.1:8421/snap?q=Button   |   harness/headless.sh shot 8421 out.png
PASS diff: connected
KEY End
TYPE '重试 steer 队列'
KEY Return
PASS diff: a prompt + Return starts the approvals turn
PASS diff: the command approval takes the composer over
CLICK cv_ap_deny r=[28, 749, 304, 40] at (180,769)
PASS diff: 拒绝 -> the diff approval with 审查差异
PASS Diff approval card: no clipped or overflowing Chinese label (zh-approval-diff) — cjk=5 outside=0 overflow=0 truncated=0 overlaps=0 controls=4 under28=0
SHOT zh-approval-diff
PASS Diff approval card: no English copy left (zh-approval-diff) — []
CLICK cv_ap_diff r=[28, 753, 304, 36] at (180,771)
PASS diff: the 审查差异 CLICK opens the diff review
PASS Diff review: no clipped or overflowing Chinese label (zh-diff-review) — cjk=2 outside=0 overflow=0 truncated=0 overlaps=0 controls=2 under28=0
SHOT zh-diff-review
PASS Diff review: no English copy left (zh-diff-review) — []
CLICK b3_close r=[316, 133, 28, 28] at (330,147)
== 9/9 checks passed
gq: {"png":["<abs>/grab-w0-00001.png"],"quit":1}
[headless] pid 96578 exited after /gq
[headless] port 8421 free
[headless] launch: MAKEPAD_HIDE_WINDOWS=1 <abs>/octosense --remote 8421 --module octoscode --test-action page:0 --test-action launch-octoscode
[makepad-remote] listening on 127.0.0.1:8421 pid=99093 app=octosense grabs=<abs>/octosense-99093 token_file=<abs>/port-8421.token
[headless] up: pid 99093  port 8421  log <repo>/tmp/hs/port-8421.log
[headless] drive it:  <repo>/harness/bcurl -s http://127.0.0.1:8421/snap?q=Button   |   harness/headless.sh shot 8421 out.png
PASS btw: connected
KEY End
TYPE '/btw 为什么要先排空队列？'
KEY Return
PASS btw: 旁问 — /btw · 正在回答… — '旁问 — /btw' '正在回答…'
TAP the keyboard's hide chevron (337,513)
PASS /btw aside (answering): no clipped or overflowing Chinese label (zh-btw-answering) — cjk=5 outside=0 overflow=0 truncated=0 overlaps=0 controls=2 under28=0
SHOT zh-btw-answering
PASS /btw aside (answering): no English copy left (zh-btw-answering) — []
PASS btw: the answer arrives
PASS /btw aside (answered): no clipped or overflowing Chinese label (zh-btw-answered) — cjk=4 outside=0 overflow=0 truncated=0 overlaps=0 controls=2 under28=0
SHOT zh-btw-answered
PASS /btw aside (answered): no English copy left (zh-btw-answered) — []
CLICK btw_aside_close_hit r=[284, 467, 52, 32] at (310,483)
== 7/7 checks passed
gq: {"png":["<abs>/grab-w0-00001.png"],"quit":1}
[headless] pid 99093 exited after /gq
[headless] port 8421 free
[headless] launch: MAKEPAD_HIDE_WINDOWS=1 <abs>/octosense --remote 8421 --module octoscode --test-action page:0 --test-action launch-octoscode
[makepad-remote] listening on 127.0.0.1:8421 pid=2314 app=octosense grabs=<abs>/octosense-2314 token_file=<abs>/port-8421.token
[headless] up: pid 2314  port 8421  log <repo>/tmp/hs/port-8421.log
[headless] drive it:  <repo>/harness/bcurl -s http://127.0.0.1:8421/snap?q=Button   |   harness/headless.sh shot 8421 out.png
PASS dock: connected
CLICK sidebar_toggle_hit r=[12, 82, 36, 36] at (30,100)
CLICK fleet_nav_hit r=[10, 744, 292, 34] at (156,761)
PASS fleet: the footer's Fleet CLICK
PASS dock: the Fleet's start form reads Chinese — '启动一个同侪'
CLICK b3_fleet_model_tap r=[30, 194, 300, 36] at (180,212)
CLICK b3_fleet_opt_0 r=[34, 242, 292, 32] at (180,258)
TYPE '修复重连时 steer 队列丢失'
TYPE '修复重连时 steer 队列丢失'
CLICK b3_fleet_start r=[271, 407, 59, 34] at (300,424)
PASS dock: 启动 CLICK -> one peer/dispatch
PASS dock: the Fleet shows the peer's row
PASS Fleet (one peer): no clipped or overflowing Chinese label (zh-fleet-peer) — cjk=19 outside=0 overflow=0 truncated=0 overlaps=0 controls=7 under28=0
SHOT zh-fleet-peer
PASS Fleet (one peer): no English copy left (zh-fleet-peer) — []
KEY Escape
PASS fleet: Escape closes the pane (the phone's Back)
PASS fleet: ...and the app stays in front (the composer is back)
CLICK sidebar_toggle_hit r=[12, 82, 36, 36] at (30,100)
CLICK pd_pill r=[10, 621, 292, 54] at (156,648)
PASS dock: the dock shows the peer's row
PASS dock: the dock reads Chinese (同侪, 隐藏同侪) — '同侪 1 · glm-4.6'
PASS Peer dock (sidebar): no clipped or overflowing Chinese label (zh-peer-dock) — cjk=9 outside=0 overflow=0 truncated=0 overlaps=0 controls=7 under28=0
SHOT zh-peer-dock
PASS Peer dock (sidebar): no English copy left (zh-peer-dock) — []
CLICK drawer_close r=[270, 87, 32, 32] at (286,103)
CLICK sidebar_toggle_hit r=[12, 82, 36, 36] at (30,100)
CLICK fleet_nav_hit r=[10, 744, 292, 34] at (156,761)
PASS fleet: the footer's Fleet CLICK
PASS dock: the dock's status word is the Fleet chip's (row 117) — dock='等待你的批准' fleet='⚠ 等待你的批准'
PASS dock: the dock names the peer as the Fleet does (同侪 1 · glm-4.6) — dock='同侪 1 · glm-4.6' fleet='同侪 1 · glm-4.6'
KEY Escape
PASS fleet: Escape closes the pane (the phone's Back)
PASS fleet: ...and the app stays in front (the composer is back)
== 18/18 checks passed
gq: {"png":["<abs>/grab-w0-00001.png"],"quit":1}
[headless] pid 2314 exited after /gq
[headless] port 8421 free
== WALK a24 language phone: PASS
